


ARM Macro Assembler    Page 1 


    1 00000000         ; Desenvolvido para a placa EK-TM4C129EXL
    2 00000000         ; Matheus Passos, Lucas Yukio, João Castilho Cardoso
    3 00000000         
    4 00000000         ; Contagem de 0 a 99 nos displays de 7 segmentos, passo 
                       ajustável por USR_SW1, modo inversão por USR_SW2
    5 00000000         
    6 00000000         ; ------------------------------------------------------
                       -------------------------
    7 00000000                 THUMB                        ; Instruções do t
                                                            ipo Thumb-2
    8 00000000         ; ------------------------------------------------------
                       -------------------------
    9 00000000         
   10 00000000         ;-------------------------------------------------------
                       ----------
   11 00000000         ; DEFINES
   12 00000000         ;-------------------------------------------------------
                       ----------
   13 00000000         
   14 00000000 000186A0 
                       MS250_IN_US
                               EQU              100000
   15 00000000         
   16 00000000         ;-------------------------------------------------------
                       ----------
   17 00000000         ; Área de Dados - Declarações de variáveis
   18 00000000                 AREA             DATA, READONLY, ALIGN=2
   19 00000000         ; Se alguma variável for chamada em outro arquivo
   20 00000000         ;EXPORT  var [DATA,SIZE=tam]   ; Permite chamar a variá
                       vel var a partir de outro arquivo
   21 00000000         ;var SPACE tam                  ; Declara uma variável 
                       de nome var de tam bytes a partir da primeira posição 
                       da RAM
   22 00000000         
   23 00000000         ; ------------------------------------------------------
                       -------------------------
   24 00000000         ; Área de Código - Tudo abaixo da diretiva a seguir se
                       rá armazenado na memória de código
   25 00000000                 AREA             |.text|, CODE, READONLY, ALIGN=
2
   26 00000000         
   27 00000000         ; Se alguma função do arquivo for chamada em outro arq
                       uivo 
   28 00000000                 EXPORT           Start       ; Permite chamar a 
                                                            função Start a pa
                                                            rtir de outro arqui
                                                            vo. No caso startup
                                                            .s
   29 00000000         
   30 00000000         ; Se chamar alguma função externa 
   31 00000000         ;IMPORT <func>              ; Permite chamar dentro dest
                       e arquivo uma função <func>
   32 00000000                 IMPORT           PLL_Init
   33 00000000                 IMPORT           SysTick_Init
   34 00000000                 IMPORT           GPIO_Init
   35 00000000                 IMPORT           LCD_Init
   36 00000000                 IMPORT           LCD_Display
   37 00000000                 IMPORT           LCD_WriteNumber
   38 00000000                 IMPORT           Seg_Display



ARM Macro Assembler    Page 2 


   39 00000000         
   40 00000000         ;-------------------------------------------------------
                       ----------
   41 00000000         ; VARIÁVEIS EM REGISTRADORES
   42 00000000         ; R4 = contador (0-99)
   43 00000000         ; R5 = passo    (1-9)
   44 00000000         ; R6 = modo     (0=crescente,1=decrescente)
   45 00000000         ; ------------------------------------------------------
                       -------------------------
   46 00000000         ; Função main()
   47 00000000         Start
   48 00000000 F7FF FFFE       BL               PLL_Init    ; Chama a subrotina
                                                             para alterar o clo
                                                            ck do microcontrola
                                                            dor para 80MHz
   49 00000004 F7FF FFFE       BL               SysTick_Init ; Chama a subrotin
                                                            a que inicializa o 
                                                            SysTick 
   50 00000008 F7FF FFFE       BL               GPIO_Init   ; Chama a subrotina
                                                             que inicializa os 
                                                            GPIO
   51 0000000C F7FF FFFE       BL               LCD_Init    ; Chama a subrotina
                                                             que inicializa o L
                                                            CD
   52 00000010         
   53 00000010 F04F 0501       MOV              R5, #1      ; Passo inicial = 1
                                                            
   54 00000014 F8DF 8034       LDR              R8, =MS250_IN_US ; Tempo de con
                                                            tagem (200000 x 5us
                                                             = 1s)
   55 00000018         ; LoopTeste
   56 00000018         ;  MOV R0, #39
   57 00000018         ;  BL LCD_WriteNumber
   58 00000018         ;     B LoopTeste
   59 00000018         
   60 00000018         MainLoop
   61 00000018 F04F 0700       MOV              R7, #0      ; Cronômetro
   62 0000001C 2E00            CMP              R6, #0
   63 0000001E D008            BEQ              IncrementaContagem
   64 00000020         VOLTA_INCREMENTA
   65 00000020 2E00            CMP              R6, #0
   66 00000022 D10C            BNE              DecrementaContagem
   67 00000024         VOLTA_DECREMENTA
   68 00000024 F7FF FFFE       BL               Seg_Display ; Exibe o número n
                                                            o display de 7 segm
                                                            entos
   69 00000028 F107 0701       ADD              R7, #1      ; Incrementa o cron
                                                            ômetro
   70 0000002C 4547            CMP              R7, R8      ; Verifica se passo
                                                            u 1s
   71 0000002E DBF9            BLT              VOLTA_DECREMENTA ; Enquanto nã
                                                            o passou 1s, mostra
                                                             o mesmo número
   72 00000030 E7F2            B                MainLoop
   73 00000032         
   74 00000032         IncrementaContagem
   75 00000032 442C            ADD              R4, R4, R5
   76 00000034 2C64            CMP              R4, #100
   77 00000036 DDF3            BLE              VOLTA_INCREMENTA



ARM Macro Assembler    Page 3 


   78 00000038 F1A4 0464       SUB              R4, R4, #100
   79 0000003C E7F0            B                VOLTA_INCREMENTA
   80 0000003E         
   81 0000003E         DecrementaContagem
   82 0000003E EBA4 0405       SUB              R4, R4, R5
   83 00000042 2C00            CMP              R4, #0
   84 00000044 DAEE            BGE              VOLTA_DECREMENTA
   85 00000046 F104 0464       ADD              R4, R4, #100
   86 0000004A E7EB            B                VOLTA_DECREMENTA
   87 0000004C         
   88 0000004C         ; ------------------------------------------------------
                       --------------------------------------------------------
                       -----------
   89 0000004C         ; Fim do Arquivo
   90 0000004C         ; ------------------------------------------------------
                       --------------------------------------------------------
                       ----------- 
   91 0000004C                 ALIGN                        ; Garante que o fim
                                                             da seção está a
                                                            linhado 
   92 0000004C                 END                          ; Fim do arquivo
              000186A0 
Command Line: --debug --xref --diag_suppress=9931,A1950W --cpu=Cortex-M4.fp.sp 
--depend=.\objects\main.d -o.\objects\main.o -IC:\Users\lucas\AppData\Local\arm
\packs\Keil\TM4C_DFP\1.1.0\Device\Include\TM4C129 --predefine="__EVAL SETA 1" -
-predefine="__UVISION_VERSION SETA 542" --predefine="TM4C129ENCPDT SETA 1" --li
st=.\listings\main.lst main.s



ARM Macro Assembler    Page 1 Alphabetic symbol ordering
Relocatable symbols

DATA 00000000

Symbol: DATA
   Definitions
      At line 18 in file main.s
   Uses
      None
Comment: DATA unused
1 symbol



ARM Macro Assembler    Page 1 Alphabetic symbol ordering
Relocatable symbols

.text 00000000

Symbol: .text
   Definitions
      At line 25 in file main.s
   Uses
      None
Comment: .text unused
DecrementaContagem 0000003E

Symbol: DecrementaContagem
   Definitions
      At line 81 in file main.s
   Uses
      At line 66 in file main.s
Comment: DecrementaContagem used once
IncrementaContagem 00000032

Symbol: IncrementaContagem
   Definitions
      At line 74 in file main.s
   Uses
      At line 63 in file main.s
Comment: IncrementaContagem used once
MainLoop 00000018

Symbol: MainLoop
   Definitions
      At line 60 in file main.s
   Uses
      At line 72 in file main.s
Comment: MainLoop used once
Start 00000000

Symbol: Start
   Definitions
      At line 47 in file main.s
   Uses
      At line 28 in file main.s
Comment: Start used once
VOLTA_DECREMENTA 00000024

Symbol: VOLTA_DECREMENTA
   Definitions
      At line 67 in file main.s
   Uses
      At line 71 in file main.s
      At line 84 in file main.s
      At line 86 in file main.s

VOLTA_INCREMENTA 00000020

Symbol: VOLTA_INCREMENTA
   Definitions
      At line 64 in file main.s
   Uses
      At line 77 in file main.s
      At line 79 in file main.s




ARM Macro Assembler    Page 2 Alphabetic symbol ordering
Relocatable symbols

7 symbols



ARM Macro Assembler    Page 1 Alphabetic symbol ordering
Absolute symbols

MS250_IN_US 000186A0

Symbol: MS250_IN_US
   Definitions
      At line 14 in file main.s
   Uses
      At line 54 in file main.s
Comment: MS250_IN_US used once
1 symbol



ARM Macro Assembler    Page 1 Alphabetic symbol ordering
External symbols

GPIO_Init 00000000

Symbol: GPIO_Init
   Definitions
      At line 34 in file main.s
   Uses
      At line 50 in file main.s
Comment: GPIO_Init used once
LCD_Display 00000000

Symbol: LCD_Display
   Definitions
      At line 36 in file main.s
   Uses
      None
Comment: LCD_Display unused
LCD_Init 00000000

Symbol: LCD_Init
   Definitions
      At line 35 in file main.s
   Uses
      At line 51 in file main.s
Comment: LCD_Init used once
LCD_WriteNumber 00000000

Symbol: LCD_WriteNumber
   Definitions
      At line 37 in file main.s
   Uses
      None
Comment: LCD_WriteNumber unused
PLL_Init 00000000

Symbol: PLL_Init
   Definitions
      At line 32 in file main.s
   Uses
      At line 48 in file main.s
Comment: PLL_Init used once
Seg_Display 00000000

Symbol: Seg_Display
   Definitions
      At line 38 in file main.s
   Uses
      At line 68 in file main.s
Comment: Seg_Display used once
SysTick_Init 00000000

Symbol: SysTick_Init
   Definitions
      At line 33 in file main.s
   Uses
      At line 49 in file main.s
Comment: SysTick_Init used once
7 symbols
352 symbols in table
