Component: Arm Compiler for Embedded 6.23 Tool: armlink [5f102400]

==============================================================================

Section Cross References

    startup.o(STACK) refers (Special) to heapauxi.o(.text) for __use_two_region_memory
    startup.o(HEAP) refers (Special) to heapauxi.o(.text) for __use_two_region_memory
    startup.o(RESET) refers (Special) to heapauxi.o(.text) for __use_two_region_memory
    startup.o(RESET) refers to startup.o(STACK) for StackMem
    startup.o(RESET) refers to gpio_config.o(.text.Timer2A_Handler) for Timer2A_Handler
    startup.o(RESET) refers to __main.o(!!!main) for __main
    startup.o(.text) refers (Special) to heapauxi.o(.text) for __use_two_region_memory
    startup.o(.text) refers to startup.o(HEAP) for HeapMem
    startup.o(.text) refers to startup.o(STACK) for StackMem
    main.o(.text.main) refers to utils.o(.text) for PLL_Init
    main.o(.text.main) refers to gpio_config.o(.text.GPIO_Init) for GPIO_Init
    main.o(.text.main) refers to gpio_config.o(.text.Timer2_Init) for Timer2_Init
    main.o(.text.main) refers to lcd.o(.text.LCD_Init) for LCD_Init
    main.o(.text.main) refers to lcd.o(.text.lcd_display_line) for lcd_display_line
    main.o(.text.main) refers to interface.o(.text.processar_interface) for processar_interface
    main.o(.ARM.exidx.text.main) refers to main.o(.text.main) for [Anonymous Symbol]
    lcd.o(.text.LCD_Init) refers to gpio_config.o(.text.PortK_Output) for PortK_Output
    lcd.o(.text.LCD_Init) refers to gpio_config.o(.text.PortM_Output) for PortM_Output
    lcd.o(.text.LCD_Init) refers to utils.o(.text) for SysTick_Wait1us
    lcd.o(.ARM.exidx.text.LCD_Init) refers to lcd.o(.text.LCD_Init) for [Anonymous Symbol]
    lcd.o(.text.lcd_command) refers to gpio_config.o(.text.PortK_Output) for PortK_Output
    lcd.o(.text.lcd_command) refers to gpio_config.o(.text.PortM_Output) for PortM_Output
    lcd.o(.text.lcd_command) refers to utils.o(.text) for SysTick_Wait1us
    lcd.o(.ARM.exidx.text.lcd_command) refers to lcd.o(.text.lcd_command) for [Anonymous Symbol]
    lcd.o(.text.lcd_data) refers to gpio_config.o(.text.PortK_Output) for PortK_Output
    lcd.o(.text.lcd_data) refers to gpio_config.o(.text.PortM_Output) for PortM_Output
    lcd.o(.text.lcd_data) refers to utils.o(.text) for SysTick_Wait1us
    lcd.o(.ARM.exidx.text.lcd_data) refers to lcd.o(.text.lcd_data) for [Anonymous Symbol]
    lcd.o(.text.lcd_print) refers to gpio_config.o(.text.PortK_Output) for PortK_Output
    lcd.o(.text.lcd_print) refers to gpio_config.o(.text.PortM_Output) for PortM_Output
    lcd.o(.text.lcd_print) refers to utils.o(.text) for SysTick_Wait1us
    lcd.o(.ARM.exidx.text.lcd_print) refers to lcd.o(.text.lcd_print) for [Anonymous Symbol]
    lcd.o(.text.lcd_display_line) refers to lcd.o(.bss.lcd_display_line.last_str1) for lcd_display_line.last_str1
    lcd.o(.text.lcd_display_line) refers to lcd.o(.bss.lcd_display_line.last_str0) for lcd_display_line.last_str0
    lcd.o(.text.lcd_display_line) refers to strcmpv7em.o(.text) for strcmp
    lcd.o(.text.lcd_display_line) refers to strncpy.o(.text) for strncpy
    lcd.o(.text.lcd_display_line) refers to gpio_config.o(.text.PortK_Output) for PortK_Output
    lcd.o(.text.lcd_display_line) refers to gpio_config.o(.text.PortM_Output) for PortM_Output
    lcd.o(.text.lcd_display_line) refers to utils.o(.text) for SysTick_Wait1us
    lcd.o(.ARM.exidx.text.lcd_display_line) refers to lcd.o(.text.lcd_display_line) for [Anonymous Symbol]
    gpio_config.o(.ARM.exidx.text.GPIO_Init) refers to gpio_config.o(.text.GPIO_Init) for [Anonymous Symbol]
    gpio_config.o(.ARM.exidx.text.PortA_Output) refers to gpio_config.o(.text.PortA_Output) for [Anonymous Symbol]
    gpio_config.o(.ARM.exidx.text.PortB_Output) refers to gpio_config.o(.text.PortB_Output) for [Anonymous Symbol]
    gpio_config.o(.ARM.exidx.text.PortD_Output) refers to gpio_config.o(.text.PortD_Output) for [Anonymous Symbol]
    gpio_config.o(.ARM.exidx.text.PortE_Output) refers to gpio_config.o(.text.PortE_Output) for [Anonymous Symbol]
    gpio_config.o(.ARM.exidx.text.PortE_Input) refers to gpio_config.o(.text.PortE_Input) for [Anonymous Symbol]
    gpio_config.o(.ARM.exidx.text.PortF_Output) refers to gpio_config.o(.text.PortF_Output) for [Anonymous Symbol]
    gpio_config.o(.ARM.exidx.text.PortH_Output) refers to gpio_config.o(.text.PortH_Output) for [Anonymous Symbol]
    gpio_config.o(.ARM.exidx.text.PortJ_Input) refers to gpio_config.o(.text.PortJ_Input) for [Anonymous Symbol]
    gpio_config.o(.ARM.exidx.text.PortK_Output) refers to gpio_config.o(.text.PortK_Output) for [Anonymous Symbol]
    gpio_config.o(.ARM.exidx.text.PortL_Output) refers to gpio_config.o(.text.PortL_Output) for [Anonymous Symbol]
    gpio_config.o(.ARM.exidx.text.PortL_Input) refers to gpio_config.o(.text.PortL_Input) for [Anonymous Symbol]
[...]
    __rtentry.o(.ARM.Collect$$rtentry$$00000000) refers (Special) to __rtentry2.o(.ARM.Collect$$rtentry$$0000000A) for __rt_entry_li
    __rtentry.o(.ARM.Collect$$rtentry$$00000000) refers (Special) to __rtentry2.o(.ARM.Collect$$rtentry$$0000000D) for __rt_entry_main
    __rtentry.o(.ARM.Collect$$rtentry$$00000000) refers (Special) to __rtentry2.o(.ARM.Collect$$rtentry$$0000000C) for __rt_entry_postli_1
    __rtentry.o(.ARM.Collect$$rtentry$$00000000) refers (Special) to __rtentry2.o(.ARM.Collect$$rtentry$$00000009) for __rt_entry_postsh_1
    __rtentry.o(.ARM.Collect$$rtentry$$00000000) refers (Special) to __rtentry2.o(.ARM.Collect$$rtentry$$00000002) for __rt_entry_presh_1
    __rtentry.o(.ARM.Collect$$rtentry$$00000000) refers (Special) to __rtentry4.o(.ARM.Collect$$rtentry$$00000004) for __rt_entry_sh
    rt_errno_addr.o(.text) refers to rt_errno_addr.o(.bss) for __aeabi_errno_addr_data
    rt_errno_addr_intlibspace.o(.text) refers to libspace.o(.bss) for __libspace_start
    _printf_intcommon.o(.text) refers (Weak) to _printf_pad.o(.text) for _printf_pre_padding
    _printf_intcommon.o(.text) refers (Weak) to _printf_pad.o(.text) for _printf_pre_padding
    _printf_intcommon.o(.text) refers (Weak) to _printf_pad.o(.text) for _printf_post_padding
    _printf_char_common.o(.text) refers to __printf_flags_wp.o(.text) for __printf
    _printf_char.o(.text) refers (Weak) to _printf_str.o(.text) for _printf_str
    strtol.o(.text) refers to rt_ctype_table.o(.text) for __rt_ctype_table
    strtol.o(.text) refers to _strtoul.o(.text) for _strtoul
    strtol.o(.text) refers to rt_errno_addr_intlibspace.o(.text) for __aeabi_errno_addr
    rt_memclr.o(.text) refers to rt_memclr_w.o(.text) for _memset_w
    libspace.o(.text) refers to libspace.o(.bss) for __libspace_start
    __rtentry2.o(.ARM.Collect$$rtentry$$00000008) refers to boardinit2.o(.text) for _platform_post_stackheap_init
    __rtentry2.o(.ARM.Collect$$rtentry$$0000000A) refers to libinit.o(.ARM.Collect$$libinit$$00000000) for __rt_lib_init
    __rtentry2.o(.ARM.Collect$$rtentry$$0000000B) refers to boardinit3.o(.text) for _platform_post_lib_init
    __rtentry2.o(.ARM.Collect$$rtentry$$0000000D) refers to main.o(.text.main) for main
    __rtentry2.o(.ARM.Collect$$rtentry$$0000000D) refers to exit.o(.text) for exit
    __rtentry2.o(.ARM.exidx) refers to __rtentry2.o(.ARM.Collect$$rtentry$$00000001) for .ARM.Collect$$rtentry$$00000001
    __rtentry2.o(.ARM.exidx) refers to __rtentry2.o(.ARM.Collect$$rtentry$$00000008) for .ARM.Collect$$rtentry$$00000008
    __rtentry2.o(.ARM.exidx) refers to __rtentry2.o(.ARM.Collect$$rtentry$$0000000A) for .ARM.Collect$$rtentry$$0000000A
    __rtentry2.o(.ARM.exidx) refers to __rtentry2.o(.ARM.Collect$$rtentry$$0000000B) for .ARM.Collect$$rtentry$$0000000B
    __rtentry2.o(.ARM.exidx) refers to __rtentry2.o(.ARM.Collect$$rtentry$$0000000D) for .ARM.Collect$$rtentry$$0000000D
    __rtentry4.o(.ARM.Collect$$rtentry$$00000004) refers to sys_stackheap_outer.o(.text) for __user_setup_stackheap
    __rtentry4.o(.ARM.exidx) refers to __rtentry4.o(.ARM.Collect$$rtentry$$00000004) for .ARM.Collect$$rtentry$$00000004
    rt_ctype_table.o(.text) refers to rt_locale_intlibspace.o(.text) for __rt_locale
    rt_ctype_table.o(.text) refers to lc_ctype_c.o(locale$$code) for _get_lc_ctype
    _strtoul.o(.text) refers to _chval.o(.text) for _chval
    _strtoul.o(.text) refers to rt_errno_addr_intlibspace.o(.text) for __aeabi_errno_addr
    sys_stackheap_outer.o(.text) refers to libspace.o(.text) for __user_perproc_libspace
    sys_stackheap_outer.o(.text) refers to startup.o(.text) for __user_initial_stackheap
    rt_locale.o(.text) refers to rt_locale.o(.bss) for __rt_locale_data
    rt_locale_intlibspace.o(.text) refers to libspace.o(.bss) for __libspace_start
    lc_ctype_c.o(locale$$data) refers (Special) to libinit2.o(.ARM.Collect$$libinit$$00000014) for __rt_lib_init_lc_ctype_2
    lc_ctype_c.o(locale$$code) refers (Special) to libinit2.o(.ARM.Collect$$libinit$$00000014) for __rt_lib_init_lc_ctype_2
    lc_ctype_c.o(locale$$code) refers to strcmpv7em.o(.text) for strcmp
    lc_ctype_c.o(locale$$code) refers to lc_ctype_c.o(locale$$data) for __lcctype_c_name
    exit.o(.text) refers to rtexit.o(.ARM.Collect$$rtexit$$00000000) for __rt_exit
    libinit.o(.ARM.Collect$$libinit$$00000000) refers (Special) to libinit2.o(.ARM.Collect$$libinit$$00000030) for __rt_lib_init_alloca_1
    libinit.o(.ARM.Collect$$libinit$$00000000) refers (Special) to libinit2.o(.ARM.Collect$$libinit$$0000002E) for __rt_lib_init_argv_1
    libinit.o(.ARM.Collect$$libinit$$00000000) refers (Special) to libinit2.o(.ARM.Collect$$libinit$$0000001D) for __rt_lib_init_atexit_1
    libinit.o(.ARM.Collect$$libinit$$00000000) refers (Special) to libinit2.o(.ARM.Collect$$libinit$$00000023) for __rt_lib_init_clock_1
    libinit.o(.ARM.Collect$$libinit$$00000000) refers (Special) to libinit2.o(.ARM.Collect$$libinit$$00000034) for __rt_lib_init_cpp_1
    libinit.o(.ARM.Collect$$libinit$$00000000) refers (Special) to libinit2.o(.ARM.Collect$$libinit$$00000032) for __rt_lib_init_exceptions_1
    libinit.o(.ARM.Collect$$libinit$$00000000) refers (Special) to libinit2.o(.ARM.Collect$$libinit$$00000001) for __rt_lib_init_fp_1
    libinit.o(.ARM.Collect$$libinit$$00000000) refers (Special) to libinit2.o(.ARM.Collect$$libinit$$00000021) for __rt_lib_init_fp_trap_1
    libinit.o(.ARM.Collect$$libinit$$00000000) refers (Special) to libinit2.o(.ARM.Collect$$libinit$$00000025) for __rt_lib_init_getenv_1
    libinit.o(.ARM.Collect$$libinit$$00000000) refers (Special) to libinit2.o(.ARM.Collect$$libinit$$0000000C) for __rt_lib_init_heap_1
    libinit.o(.ARM.Collect$$libinit$$00000000) refers (Special) to libinit2.o(.ARM.Collect$$libinit$$00000013) for __rt_lib_init_lc_collate_1
    libinit.o(.ARM.Collect$$libinit$$00000000) refers (Special) to libinit2.o(.ARM.Collect$$libinit$$00000015) for __rt_lib_init_lc_ctype_1
    libinit.o(.ARM.Collect$$libinit$$00000000) refers (Special) to libinit2.o(.ARM.Collect$$libinit$$00000017) for __rt_lib_init_lc_monetary_1
    libinit.o(.ARM.Collect$$libinit$$00000000) refers (Special) to libinit2.o(.ARM.Collect$$libinit$$00000019) for __rt_lib_init_lc_numeric_1
    libinit.o(.ARM.Collect$$libinit$$00000000) refers (Special) to libinit2.o(.ARM.Collect$$libinit$$0000001B) for __rt_lib_init_lc_time_1
    libinit.o(.ARM.Collect$$libinit$$00000000) refers (Special) to libinit2.o(.ARM.Collect$$libinit$$00000006) for __rt_lib_init_preinit_1
    libinit.o(.ARM.Collect$$libinit$$00000000) refers (Special) to libinit2.o(.ARM.Collect$$libinit$$00000010) for __rt_lib_init_rand_1
    libinit.o(.ARM.Collect$$libinit$$00000000) refers (Special) to libinit2.o(.ARM.Collect$$libinit$$00000004) for __rt_lib_init_relocate_pie_1
    libinit.o(.ARM.Collect$$libinit$$00000000) refers (Special) to libinit2.o(.ARM.Collect$$libinit$$00000035) for __rt_lib_init_return
    libinit.o(.ARM.Collect$$libinit$$00000000) refers (Special) to libinit2.o(.ARM.Collect$$libinit$$0000001F) for __rt_lib_init_signal_1
    libinit.o(.ARM.Collect$$libinit$$00000000) refers (Special) to libinit2.o(.ARM.Collect$$libinit$$00000027) for __rt_lib_init_stdio_1
    libinit.o(.ARM.Collect$$libinit$$00000000) refers (Special) to libinit2.o(.ARM.Collect$$libinit$$0000000E) for __rt_lib_init_user_alloc_1
    rtexit.o(.ARM.Collect$$rtexit$$00000000) refers (Special) to rtexit2.o(.ARM.Collect$$rtexit$$00000004) for __rt_exit_exit
    rtexit.o(.ARM.Collect$$rtexit$$00000000) refers (Special) to rtexit2.o(.ARM.Collect$$rtexit$$00000003) for __rt_exit_ls
    rtexit.o(.ARM.Collect$$rtexit$$00000000) refers (Special) to rtexit2.o(.ARM.Collect$$rtexit$$00000002) for __rt_exit_prels_1
    rtexit.o(.ARM.exidx) refers (Special) to rtexit2.o(.ARM.Collect$$rtexit$$00000004) for __rt_exit_exit
    rtexit.o(.ARM.exidx) refers (Special) to rtexit2.o(.ARM.Collect$$rtexit$$00000003) for __rt_exit_ls
    rtexit.o(.ARM.exidx) refers (Special) to rtexit2.o(.ARM.Collect$$rtexit$$00000002) for __rt_exit_prels_1
    rtexit.o(.ARM.exidx) refers to rtexit.o(.ARM.Collect$$rtexit$$00000000) for .ARM.Collect$$rtexit$$00000000
    libinit2.o(.ARM.Collect$$libinit$$00000001) refers to fpinit.o(x$fpl$fpinit) for _fp_init
    libinit2.o(.ARM.Collect$$libinit$$00000011) refers (Weak) to rt_locale_intlibspace.o(.text) for __rt_locale
    libinit2.o(.ARM.Collect$$libinit$$00000012) refers to libinit2.o(.ARM.Collect$$libinit$$00000011) for .ARM.Collect$$libinit$$00000011
    libinit2.o(.ARM.Collect$$libinit$$00000014) refers to libinit2.o(.ARM.Collect$$libinit$$00000011) for .ARM.Collect$$libinit$$00000011
    libinit2.o(.ARM.Collect$$libinit$$00000014) refers (Weak) to lc_ctype_c.o(locale$$code) for _get_lc_ctype
    libinit2.o(.ARM.Collect$$libinit$$00000016) refers to libinit2.o(.ARM.Collect$$libinit$$00000011) for .ARM.Collect$$libinit$$00000011
    libinit2.o(.ARM.Collect$$libinit$$00000018) refers to libinit2.o(.ARM.Collect$$libinit$$00000011) for .ARM.Collect$$libinit$$00000011
    libinit2.o(.ARM.Collect$$libinit$$0000001A) refers to libinit2.o(.ARM.Collect$$libinit$$00000011) for .ARM.Collect$$libinit$$00000011
    libinit2.o(.ARM.Collect$$libinit$$00000028) refers to argv_veneer.o(.emb_text) for __ARM_argv_veneer
    libinit2.o(.ARM.Collect$$libinit$$00000029) refers to argv_veneer.o(.emb_text) for __ARM_argv_veneer
    rtexit2.o(.ARM.Collect$$rtexit$$00000003) refers to libshutdown.o(.ARM.Collect$$libshutdown$$00000000) for __rt_lib_shutdown
    rtexit2.o(.ARM.Collect$$rtexit$$00000004) refers to sys_exit.o(.text) for _sys_exit
    rtexit2.o(.ARM.exidx) refers to rtexit2.o(.ARM.Collect$$rtexit$$00000001) for .ARM.Collect$$rtexit$$00000001
    rtexit2.o(.ARM.exidx) refers to rtexit2.o(.ARM.Collect$$rtexit$$00000003) for .ARM.Collect$$rtexit$$00000003
    rtexit2.o(.ARM.exidx) refers to rtexit2.o(.ARM.Collect$$rtexit$$00000004) for .ARM.Collect$$rtexit$$00000004
    argv_veneer.o(.emb_text) refers to no_argv.o(.text) for __ARM_get_argv
    sys_exit.o(.text) refers (Special) to use_no_semi.o(.text) for __I$use$semihosting
    sys_exit.o(.text) refers (Special) to indicate_semi.o(.text) for __semihosting_library_function
    sys_exit_hlt.o(.text) refers (Special) to use_no_semi.o(.text) for __I$use$semihosting
    sys_exit_hlt.o(.text) refers (Special) to indicate_semi.o(.text) for __semihosting_library_function
    _get_argv_nomalloc.o(.text) refers (Special) to hrguard.o(.text) for __heap_region$guard
    _get_argv_nomalloc.o(.text) refers to defsig_rtmem_outer.o(.text) for __rt_SIGRTMEM
    _get_argv_nomalloc.o(.text) refers to sys_command.o(.text) for _sys_command_string
    libshutdown.o(.ARM.Collect$$libshutdown$$00000000) refers (Special) to libshutdown2.o(.ARM.Collect$$libshutdown$$00000002) for __rt_lib_shutdown_cpp_1
    libshutdown.o(.ARM.Collect$$libshutdown$$00000000) refers (Special) to libshutdown2.o(.ARM.Collect$$libshutdown$$00000007) for __rt_lib_shutdown_fp_trap_1
    libshutdown.o(.ARM.Collect$$libshutdown$$00000000) refers (Special) to libshutdown2.o(.ARM.Collect$$libshutdown$$0000000F) for __rt_lib_shutdown_heap_1
    libshutdown.o(.ARM.Collect$$libshutdown$$00000000) refers (Special) to libshutdown2.o(.ARM.Collect$$libshutdown$$00000010) for __rt_lib_shutdown_return
    libshutdown.o(.ARM.Collect$$libshutdown$$00000000) refers (Special) to libshutdown2.o(.ARM.Collect$$libshutdown$$0000000A) for __rt_lib_shutdown_signal_1
    libshutdown.o(.ARM.Collect$$libshutdown$$00000000) refers (Special) to libshutdown2.o(.ARM.Collect$$libshutdown$$00000004) for __rt_lib_shutdown_stdio_1
    libshutdown.o(.ARM.Collect$$libshutdown$$00000000) refers (Special) to libshutdown2.o(.ARM.Collect$$libshutdown$$0000000C) for __rt_lib_shutdown_user_alloc_1
    sys_command.o(.text) refers (Special) to use_no_semi.o(.text) for __I$use$semihosting
    sys_command.o(.text) refers (Special) to indicate_semi.o(.text) for __semihosting_library_function
    sys_command_hlt.o(.text) refers (Special) to use_no_semi.o(.text) for __I$use$semihosting
    sys_command_hlt.o(.text) refers (Special) to indicate_semi.o(.text) for __semihosting_library_function
    defsig_rtmem_outer.o(.text) refers to defsig_rtmem_inner.o(.text) for __rt_SIGRTMEM_inner
    defsig_rtmem_outer.o(.text) refers to defsig_exit.o(.text) for __sig_exit
    defsig_rtmem_formal.o(.text) refers to rt_raise.o(.text) for __rt_raise
    rt_raise.o(.text) refers to __raise.o(.text) for __raise
    rt_raise.o(.text) refers to sys_exit.o(.text) for _sys_exit
    defsig_exit.o(.text) refers to sys_exit.o(.text) for _sys_exit
    defsig_rtmem_inner.o(.text) refers to defsig_general.o(.text) for __default_signal_display
    __raise.o(.text) refers to defsig.o(CL$$defsig) for __default_signal_handler
    defsig_general.o(.text) refers to sys_wrch.o(.text) for _ttywrch
    sys_wrch.o(.text) refers (Special) to use_no_semi.o(.text) for __I$use$semihosting
    sys_wrch.o(.text) refers (Special) to indicate_semi.o(.text) for __semihosting_library_function
    sys_wrch_hlt.o(.text) refers (Special) to use_no_semi.o(.text) for __I$use$semihosting
    sys_wrch_hlt.o(.text) refers (Special) to indicate_semi.o(.text) for __semihosting_library_function
    defsig.o(CL$$defsig) refers to defsig_rtmem_inner.o(.text) for __rt_SIGRTMEM_inner
    defsig_abrt_inner.o(.text) refers to defsig_general.o(.text) for __default_signal_display
    defsig_fpe_inner.o(.text) refers to defsig_general.o(.text) for __default_signal_display
    defsig_rtred_inner.o(.text) refers to defsig_general.o(.text) for __default_signal_display
    defsig_stak_inner.o(.text) refers to defsig_general.o(.text) for __default_signal_display
    defsig_pvfn_inner.o(.text) refers to defsig_general.o(.text) for __default_signal_display
    defsig_cppl_inner.o(.text) refers to defsig_general.o(.text) for __default_signal_display
    defsig_segv_inner.o(.text) refers to defsig_general.o(.text) for __default_signal_display
    defsig_other.o(.text) refers to defsig_general.o(.text) for __default_signal_display


==============================================================================

Removing Unused input sections from the image.

    Removing main.o(.text), (0 bytes).
    Removing main.o(.ARM.exidx.text.main), (8 bytes).
    Removing main.o(.ARM.use_no_argv), (4 bytes).
    Removing lcd.o(.text), (0 bytes).
    Removing lcd.o(.ARM.exidx.text.LCD_Init), (8 bytes).
    Removing lcd.o(.text.lcd_command), (38 bytes).
    Removing lcd.o(.ARM.exidx.text.lcd_command), (8 bytes).
    Removing lcd.o(.text.lcd_data), (38 bytes).
    Removing lcd.o(.ARM.exidx.text.lcd_data), (8 bytes).
    Removing lcd.o(.text.lcd_print), (62 bytes).
    Removing lcd.o(.ARM.exidx.text.lcd_print), (8 bytes).
    Removing lcd.o(.ARM.exidx.text.lcd_display_line), (8 bytes).
    Removing gpio_config.o(.text), (0 bytes).
    Removing gpio_config.o(.ARM.exidx.text.GPIO_Init), (8 bytes).
    Removing gpio_config.o(.ARM.exidx.text.PortA_Output), (8 bytes).
    Removing gpio_config.o(.ARM.exidx.text.PortB_Output), (8 bytes).
    Removing gpio_config.o(.text.PortD_Output), (24 bytes).
    Removing gpio_config.o(.ARM.exidx.text.PortD_Output), (8 bytes).
    Removing gpio_config.o(.text.PortE_Output), (24 bytes).
    Removing gpio_config.o(.ARM.exidx.text.PortE_Output), (8 bytes).
    Removing gpio_config.o(.text.PortE_Input), (16 bytes).
    Removing gpio_config.o(.ARM.exidx.text.PortE_Input), (8 bytes).
    Removing gpio_config.o(.text.PortF_Output), (12 bytes).
    Removing gpio_config.o(.ARM.exidx.text.PortF_Output), (8 bytes).
    Removing gpio_config.o(.ARM.exidx.text.PortH_Output), (8 bytes).
    Removing gpio_config.o(.text.PortJ_Input), (12 bytes).
    Removing gpio_config.o(.ARM.exidx.text.PortJ_Input), (8 bytes).
    Removing gpio_config.o(.ARM.exidx.text.PortK_Output), (8 bytes).
    Removing gpio_config.o(.text.PortL_Output), (24 bytes).
    Removing gpio_config.o(.ARM.exidx.text.PortL_Output), (8 bytes).
    Removing gpio_config.o(.ARM.exidx.text.PortL_Input), (8 bytes).
    Removing gpio_config.o(.ARM.exidx.text.PortM_Output), (8 bytes).
    Removing gpio_config.o(.text.PortN_Output), (12 bytes).
    Removing gpio_config.o(.ARM.exidx.text.PortN_Output), (8 bytes).
    Removing gpio_config.o(.ARM.exidx.text.PortP_Output), (8 bytes).
    Removing gpio_config.o(.ARM.exidx.text.PortQ_Output), (8 bytes).
    Removing gpio_config.o(.ARM.exidx.text.Timer2_Init), (8 bytes).
    Removing gpio_config.o(.ARM.exidx.text.Timer2_Start), (8 bytes).
    Removing gpio_config.o(.ARM.exidx.text.Timer2_Stop), (8 bytes).
    Removing gpio_config.o(.ARM.exidx.text.Timer2A_Handler), (8 bytes).
    Removing motor.o(.text), (0 bytes).
    Removing motor.o(.text.atualizar_display_giro), (120 bytes).
    Removing motor.o(.ARM.exidx.text.atualizar_display_giro), (8 bytes).
    Removing motor.o(.ARM.exidx.text.giraMotor), (8 bytes).
    Removing leds.o(.text), (0 bytes).
    Removing leds.o(.text.leds_angle), (116 bytes).
    Removing leds.o(.ARM.exidx.text.leds_angle), (8 bytes).
    Removing leds.o(.text.leds_direction), (14 bytes).
    Removing leds.o(.ARM.exidx.text.leds_direction), (8 bytes).
    Removing leds.o(.text.reverse_bits), (8 bytes).
    Removing leds.o(.ARM.exidx.text.reverse_bits), (8 bytes).
    Removing leds.o(.ARM.exidx.text.leds_on), (8 bytes).
    Removing leds.o(.text.leds_off), (24 bytes).
    Removing leds.o(.ARM.exidx.text.leds_off), (8 bytes).
    Removing interface.o(.text), (0 bytes).
    Removing interface.o(.ARM.exidx.text.processar_interface), (8 bytes).
    Removing matricial.o(.text), (0 bytes).
    Removing matricial.o(.ARM.exidx.text.TecladoM_Poll), (8 bytes).

58 unused section(s) (total 828 bytes) removed from the image.

==============================================================================

Image Symbol Table

    Local Symbols

    Symbol Name                              Value     Ov Type        Size  Object(Section)

    ../clib/angel/boardlib.s                 0x00000000   Number         0  boardinit1.o ABSOLUTE
    ../clib/angel/boardlib.s                 0x00000000   Number         0  boardinit2.o ABSOLUTE
    ../clib/angel/boardlib.s                 0x00000000   Number         0  boardinit3.o ABSOLUTE
    ../clib/angel/boardlib.s                 0x00000000   Number         0  boardshut.o ABSOLUTE
    ../clib/angel/handlers.s                 0x00000000   Number         0  __scatter_copy.o ABSOLUTE
    ../clib/angel/handlers.s                 0x00000000   Number         0  __scatter_zi.o ABSOLUTE
    ../clib/angel/kernel.s                   0x00000000   Number         0  __rtentry.o ABSOLUTE
    ../clib/angel/kernel.s                   0x00000000   Number         0  __rtentry2.o ABSOLUTE
    ../clib/angel/kernel.s                   0x00000000   Number         0  __rtentry4.o ABSOLUTE
    ../clib/angel/kernel.s                   0x00000000   Number         0  rtexit.o ABSOLUTE
    ../clib/angel/kernel.s                   0x00000000   Number         0  rtexit2.o ABSOLUTE
    ../clib/angel/rt.s                       0x00000000   Number         0  rt_errno_addr.o ABSOLUTE
    ../clib/angel/rt.s                       0x00000000   Number         0  rt_errno_addr_intlibspace.o ABSOLUTE
    ../clib/angel/rt.s                       0x00000000   Number         0  rt_ctype_table.o ABSOLUTE
    ../clib/angel/rt.s                       0x00000000   Number         0  rt_locale.o ABSOLUTE
    ../clib/angel/rt.s                       0x00000000   Number         0  rt_locale_intlibspace.o ABSOLUTE
    ../clib/angel/rt.s                       0x00000000   Number         0  rt_raise.o ABSOLUTE
    ../clib/angel/scatter.s                  0x00000000   Number         0  __scatter.o ABSOLUTE
    ../clib/angel/startup.s                  0x00000000   Number         0  __main.o ABSOLUTE
    ../clib/angel/sys.s                      0x00000000   Number         0  libspace.o ABSOLUTE
    ../clib/angel/sys.s                      0x00000000   Number         0  sys_stackheap_outer.o ABSOLUTE
    ../clib/angel/sys.s                      0x00000000   Number         0  use_no_semi.o ABSOLUTE
    ../clib/angel/sys.s                      0x00000000   Number         0  indicate_semi.o ABSOLUTE
    ../clib/angel/sysapp.c                   0x00000000   Number         0  sys_exit.o ABSOLUTE
    ../clib/angel/sysapp.c                   0x00000000   Number         0  sys_exit_hlt.o ABSOLUTE
    ../clib/angel/sysapp.c                   0x00000000   Number         0  sys_command.o ABSOLUTE
    ../clib/angel/sysapp.c                   0x00000000   Number         0  sys_command_hlt.o ABSOLUTE
    ../clib/angel/sysapp.c                   0x00000000   Number         0  sys_wrch.o ABSOLUTE
    ../clib/angel/sysapp.c                   0x00000000   Number         0  sys_wrch_hlt.o ABSOLUTE
    ../clib/armsys.c                         0x00000000   Number         0  argv_veneer.o ABSOLUTE
    ../clib/armsys.c                         0x00000000   Number         0  argv_veneer.o ABSOLUTE
    ../clib/armsys.c                         0x00000000   Number         0  _get_argv_nomalloc.o ABSOLUTE
    ../clib/armsys.c                         0x00000000   Number         0  no_argv.o ABSOLUTE
    ../clib/heapalloc.c                      0x00000000   Number         0  hrguard.o ABSOLUTE
    ../clib/heapaux.c                        0x00000000   Number         0  heapauxi.o ABSOLUTE
    ../clib/libinit.s                        0x00000000   Number         0  libinit.o ABSOLUTE
    ../clib/libinit.s                        0x00000000   Number         0  libinit2.o ABSOLUTE
    ../clib/libinit.s                        0x00000000   Number         0  libshutdown.o ABSOLUTE
    ../clib/libinit.s                        0x00000000   Number         0  libshutdown2.o ABSOLUTE
    ../clib/locale.s                         0x00000000   Number         0  lc_ctype_c.o ABSOLUTE
    ../clib/memcpset.s                       0x00000000   Number         0  strncpy.o ABSOLUTE
    ../clib/memcpset.s                       0x00000000   Number         0  strcmpv7em.o ABSOLUTE
    ../clib/memcpset.s                       0x00000000   Number         0  rt_memclr.o ABSOLUTE
    ../clib/memcpset.s                       0x00000000   Number         0  rt_memclr_w.o ABSOLUTE
    ../clib/misc.s                           0x00000000   Number         0  printf_stubs.o ABSOLUTE
    ../clib/printf.c                         0x00000000   Number         0  __2snprintf.o ABSOLUTE
    ../clib/printf.c                         0x00000000   Number         0  noretval__2snprintf.o ABSOLUTE
    ../clib/printf.c                         0x00000000   Number         0  __printf.o ABSOLUTE
    ../clib/printf.c                         0x00000000   Number         0  _printf_pad.o ABSOLUTE
    ../clib/printf.c                         0x00000000   Number         0  _printf_str.o ABSOLUTE
    ../clib/printf.c                         0x00000000   Number         0  _printf_dec.o ABSOLUTE
    ../clib/printf.c                         0x00000000   Number         0  __printf_flags.o ABSOLUTE
    ../clib/printf.c                         0x00000000   Number         0  __printf_ss.o ABSOLUTE
    ../clib/printf.c                         0x00000000   Number         0  __printf_flags_ss.o ABSOLUTE
    ../clib/printf.c                         0x00000000   Number         0  __printf_wp.o ABSOLUTE
    ../clib/printf.c                         0x00000000   Number         0  __printf_flags_wp.o ABSOLUTE
    ../clib/printf.c                         0x00000000   Number         0  __printf_ss_wp.o ABSOLUTE
    ../clib/printf.c                         0x00000000   Number         0  __printf_flags_ss_wp.o ABSOLUTE
    ../clib/printf.c                         0x00000000   Number         0  _printf_intcommon.o ABSOLUTE
    ../clib/printf.c                         0x00000000   Number         0  _printf_char_common.o ABSOLUTE
    ../clib/printf.c                         0x00000000   Number         0  _snputc.o ABSOLUTE
    ../clib/printf.c                         0x00000000   Number         0  _printf_char.o ABSOLUTE
    ../clib/printf.c                         0x00000000   Number         0  __printf_nopercent.o ABSOLUTE
    ../clib/printf_percent.s                 0x00000000   Number         0  _printf_s.o ABSOLUTE
    ../clib/printf_percent.s                 0x00000000   Number         0  _printf_d.o ABSOLUTE
    ../clib/printf_percent.s                 0x00000000   Number         0  _printf_percent.o ABSOLUTE
    ../clib/printf_percent.s                 0x00000000   Number         0  _printf_percent_end.o ABSOLUTE
    ../clib/scanf.c                          0x00000000   Number         0  atoi.o ABSOLUTE
    ../clib/scanf.c                          0x00000000   Number         0  strtol.o ABSOLUTE
    ../clib/scanf.c                          0x00000000   Number         0  _strtoul.o ABSOLUTE
    ../clib/scanf.c                          0x00000000   Number         0  _chval.o ABSOLUTE
    ../clib/signal.c                         0x00000000   Number         0  defsig_rtmem_outer.o ABSOLUTE
    ../clib/signal.c                         0x00000000   Number         0  defsig_rtmem_formal.o ABSOLUTE
    ../clib/signal.c                         0x00000000   Number         0  defsig_exit.o ABSOLUTE
    ../clib/signal.c                         0x00000000   Number         0  defsig_rtmem_inner.o ABSOLUTE
    ../clib/signal.c                         0x00000000   Number         0  __raise.o ABSOLUTE
    ../clib/signal.c                         0x00000000   Number         0  defsig_general.o ABSOLUTE
    ../clib/signal.c                         0x00000000   Number         0  defsig_abrt_inner.o ABSOLUTE
    ../clib/signal.c                         0x00000000   Number         0  defsig_fpe_inner.o ABSOLUTE
    ../clib/signal.c                         0x00000000   Number         0  defsig_rtred_inner.o ABSOLUTE
    ../clib/signal.c                         0x00000000   Number         0  defsig_stak_inner.o ABSOLUTE
    ../clib/signal.c                         0x00000000   Number         0  defsig_pvfn_inner.o ABSOLUTE
    ../clib/signal.c                         0x00000000   Number         0  defsig_cppl_inner.o ABSOLUTE
    ../clib/signal.c                         0x00000000   Number         0  defsig_segv_inner.o ABSOLUTE
    ../clib/signal.c                         0x00000000   Number         0  defsig_other.o ABSOLUTE
    ../clib/signal.s                         0x00000000   Number         0  defsig.o ABSOLUTE
    ../clib/stdlib.c                         0x00000000   Number         0  exit.o ABSOLUTE
    ../fplib/fpinit.s                        0x00000000   Number         0  fpinit.o ABSOLUTE
    dc.s                                     0x00000000   Number         0  dc.o ABSOLUTE
    gpio_config.c                            0x00000000   Number         0  gpio_config.o ABSOLUTE
    interface.c                              0x00000000   Number         0  interface.o ABSOLUTE
    lcd.c                                    0x00000000   Number         0  lcd.o ABSOLUTE
    leds.c                                   0x00000000   Number         0  leds.o ABSOLUTE
    main.c                                   0x00000000   Number         0  main.o ABSOLUTE
    matricial.c                              0x00000000   Number         0  matricial.o ABSOLUTE
    motor.c                                  0x00000000   Number         0  motor.o ABSOLUTE
    startup.s                                0x00000000   Number         0  startup.o ABSOLUTE
    utils.s                                  0x00000000   Number         0  utils.o ABSOLUTE
    RESET                                    0x00000000   Section      560  startup.o(RESET)
    $v0                                      0x00000208   Number         0  startup.o(RESET)
    !!!main                                  0x00000230   Section        8  __main.o(!!!main)
    !!!scatter                               0x00000238   Section       92  __scatter.o(!!!scatter)
    !!handler_copy                           0x00000294   Section       26  __scatter_copy.o(!!handler_copy)
    !!handler_null                           0x000002b0   Section        2  __scatter.o(!!handler_null)
    !!handler_zi                             0x000002b4   Section       28  __scatter_zi.o(!!handler_zi)
    .ARM.Collect$$_printf_percent$$00000000  0x000002d0   Section        0  _printf_percent.o(.ARM.Collect$$_printf_percent$$00000000)
    .ARM.Collect$$_printf_percent$$00000009  0x000002d0   Section        6  _printf_d.o(.ARM.Collect$$_printf_percent$$00000009)
    .ARM.Collect$$_printf_percent$$00000014  0x000002d6   Section        6  _printf_s.o(.ARM.Collect$$_printf_percent$$00000014)
    .ARM.Collect$$_printf_percent$$00000017  0x000002dc   Section        4  _printf_percent_end.o(.ARM.Collect$$_printf_percent$$00000017)
    .ARM.Collect$$libinit$$00000000          0x000002e0   Section        2  libinit.o(.ARM.Collect$$libinit$$00000000)
    .ARM.Collect$$libinit$$00000001          0x000002e2   Section        4  libinit2.o(.ARM.Collect$$libinit$$00000001)
    .ARM.Collect$$libinit$$00000004          0x000002e6   Section        0  libinit2.o(.ARM.Collect$$libinit$$00000004)
    .ARM.Collect$$libinit$$00000006          0x000002e6   Section        0  libinit2.o(.ARM.Collect$$libinit$$00000006)
    .ARM.Collect$$libinit$$0000000C          0x000002e6   Section        0  libinit2.o(.ARM.Collect$$libinit$$0000000C)
    .ARM.Collect$$libinit$$0000000E          0x000002e6   Section        0  libinit2.o(.ARM.Collect$$libinit$$0000000E)
    .ARM.Collect$$libinit$$00000010          0x000002e6   Section        0  libinit2.o(.ARM.Collect$$libinit$$00000010)
    .ARM.Collect$$libinit$$00000011          0x000002e6   Section        6  libinit2.o(.ARM.Collect$$libinit$$00000011)
    .ARM.Collect$$libinit$$00000013          0x000002ec   Section        0  libinit2.o(.ARM.Collect$$libinit$$00000013)
    .ARM.Collect$$libinit$$00000014          0x000002ec   Section       12  libinit2.o(.ARM.Collect$$libinit$$00000014)
    .ARM.Collect$$libinit$$00000015          0x000002f8   Section        0  libinit2.o(.ARM.Collect$$libinit$$00000015)
    .ARM.Collect$$libinit$$00000017          0x000002f8   Section        0  libinit2.o(.ARM.Collect$$libinit$$00000017)
    .ARM.Collect$$libinit$$00000019          0x000002f8   Section        0  libinit2.o(.ARM.Collect$$libinit$$00000019)
    .ARM.Collect$$libinit$$0000001B          0x000002f8   Section        0  libinit2.o(.ARM.Collect$$libinit$$0000001B)
    .ARM.Collect$$libinit$$0000001D          0x000002f8   Section        0  libinit2.o(.ARM.Collect$$libinit$$0000001D)
    .ARM.Collect$$libinit$$0000001F          0x000002f8   Section        0  libinit2.o(.ARM.Collect$$libinit$$0000001F)
    .ARM.Collect$$libinit$$00000021          0x000002f8   Section        0  libinit2.o(.ARM.Collect$$libinit$$00000021)
    .ARM.Collect$$libinit$$00000023          0x000002f8   Section        0  libinit2.o(.ARM.Collect$$libinit$$00000023)
    .ARM.Collect$$libinit$$00000025          0x000002f8   Section        0  libinit2.o(.ARM.Collect$$libinit$$00000025)
    .ARM.Collect$$libinit$$00000027          0x000002f8   Section        0  libinit2.o(.ARM.Collect$$libinit$$00000027)
    .ARM.Collect$$libinit$$0000002E          0x000002f8   Section        0  libinit2.o(.ARM.Collect$$libinit$$0000002E)
    .ARM.Collect$$libinit$$00000030          0x000002f8   Section        0  libinit2.o(.ARM.Collect$$libinit$$00000030)
    .ARM.Collect$$libinit$$00000032          0x000002f8   Section        0  libinit2.o(.ARM.Collect$$libinit$$00000032)
    .ARM.Collect$$libinit$$00000034          0x000002f8   Section        0  libinit2.o(.ARM.Collect$$libinit$$00000034)
    .ARM.Collect$$libinit$$00000035          0x000002f8   Section        2  libinit2.o(.ARM.Collect$$libinit$$00000035)
    .ARM.Collect$$libshutdown$$00000000      0x000002fa   Section        2  libshutdown.o(.ARM.Collect$$libshutdown$$00000000)
    .ARM.Collect$$libshutdown$$00000002      0x000002fc   Section        0  libshutdown2.o(.ARM.Collect$$libshutdown$$00000002)
    .ARM.Collect$$libshutdown$$00000004      0x000002fc   Section        0  libshutdown2.o(.ARM.Collect$$libshutdown$$00000004)
    .ARM.Collect$$libshutdown$$00000007      0x000002fc   Section        0  libshutdown2.o(.ARM.Collect$$libshutdown$$00000007)
    .ARM.Collect$$libshutdown$$0000000A      0x000002fc   Section        0  libshutdown2.o(.ARM.Collect$$libshutdown$$0000000A)
    .ARM.Collect$$libshutdown$$0000000C      0x000002fc   Section        0  libshutdown2.o(.ARM.Collect$$libshutdown$$0000000C)
    .ARM.Collect$$libshutdown$$0000000F      0x000002fc   Section        0  libshutdown2.o(.ARM.Collect$$libshutdown$$0000000F)
    .ARM.Collect$$libshutdown$$00000010      0x000002fc   Section        2  libshutdown2.o(.ARM.Collect$$libshutdown$$00000010)
    .ARM.Collect$$rtentry$$00000000          0x000002fe   Section        0  __rtentry.o(.ARM.Collect$$rtentry$$00000000)
    .ARM.Collect$$rtentry$$00000002          0x000002fe   Section        0  __rtentry2.o(.ARM.Collect$$rtentry$$00000002)
    .ARM.Collect$$rtentry$$00000004          0x000002fe   Section        6  __rtentry4.o(.ARM.Collect$$rtentry$$00000004)
    .ARM.Collect$$rtentry$$00000009          0x00000304   Section        0  __rtentry2.o(.ARM.Collect$$rtentry$$00000009)
    .ARM.Collect$$rtentry$$0000000A          0x00000304   Section        4  __rtentry2.o(.ARM.Collect$$rtentry$$0000000A)
    .ARM.Collect$$rtentry$$0000000C          0x00000308   Section        0  __rtentry2.o(.ARM.Collect$$rtentry$$0000000C)
    .ARM.Collect$$rtentry$$0000000D          0x00000308   Section        8  __rtentry2.o(.ARM.Collect$$rtentry$$0000000D)
    .ARM.Collect$$rtexit$$00000000           0x00000310   Section        2  rtexit.o(.ARM.Collect$$rtexit$$00000000)
    .ARM.Collect$$rtexit$$00000002           0x00000312   Section        0  rtexit2.o(.ARM.Collect$$rtexit$$00000002)
    .ARM.Collect$$rtexit$$00000003           0x00000312   Section        4  rtexit2.o(.ARM.Collect$$rtexit$$00000003)
    .ARM.Collect$$rtexit$$00000004           0x00000316   Section        6  rtexit2.o(.ARM.Collect$$rtexit$$00000004)
    $v0                                      0x0000031c   Number         0  startup.o(.text)
    .text                                    0x0000031c   Section       48  startup.o(.text)
    $v0                                      0x0000034c   Number         0  utils.o(.text)
    .text                                    0x0000034c   Section      484  utils.o(.text)
    .text                                    0x00000530   Section        0  noretval__2snprintf.o(.text)
    .text                                    0x00000570   Section        0  _printf_pad.o(.text)
    .text                                    0x000005be   Section        0  _printf_str.o(.text)
    .text                                    0x00000610   Section        0  _printf_dec.o(.text)
    .text                                    0x00000688   Section        0  __printf_flags_wp.o(.text)
    .text                                    0x000007c0   Section        0  atoi.o(.text)
    .text                                    0x000007da   Section       86  strncpy.o(.text)
    .text                                    0x00000830   Section      124  strcmpv7em.o(.text)
    .text                                    0x000008ac   Section        0  heapauxi.o(.text)
    .text                                    0x000008b4   Section        8  rt_errno_addr_intlibspace.o(.text)
    .text                                    0x000008bc   Section        0  _printf_intcommon.o(.text)
    _printf_input_char                       0x00000971   Thumb Code    10  _printf_char_common.o(.text)
    .text                                    0x00000970   Section        0  _printf_char_common.o(.text)
    .text                                    0x000009a0   Section        0  _snputc.o(.text)
    .text                                    0x000009b0   Section        0  _printf_char.o(.text)
    .text                                    0x000009dc   Section        0  strtol.o(.text)
    .text                                    0x00000a4c   Section       68  rt_memclr.o(.text)
    .text                                    0x00000a90   Section        8  libspace.o(.text)
    .text                                    0x00000a98   Section       16  rt_ctype_table.o(.text)
    .text                                    0x00000aa8   Section        0  _strtoul.o(.text)
    .text                                    0x00000b46   Section       78  rt_memclr_w.o(.text)
    .text                                    0x00000b94   Section       74  sys_stackheap_outer.o(.text)
    .text                                    0x00000be0   Section        8  rt_locale_intlibspace.o(.text)
    .text                                    0x00000be8   Section        0  _chval.o(.text)
    .text                                    0x00000c04   Section        0  exit.o(.text)
    .text                                    0x00000c18   Section        0  sys_exit.o(.text)
    .text                                    0x00000c24   Section        2  use_no_semi.o(.text)
    .text                                    0x00000c26   Section        0  indicate_semi.o(.text)
    [Anonymous Symbol]                       0x00000c28   Section        0  gpio_config.o(.text.GPIO_Init)
    [Anonymous Symbol]                       0x00000e68   Section        0  lcd.o(.text.LCD_Init)
    [Anonymous Symbol]                       0x00000f20   Section        0  gpio_config.o(.text.PortA_Output)
    [Anonymous Symbol]                       0x00000f2c   Section        0  gpio_config.o(.text.PortB_Output)
    [Anonymous Symbol]                       0x00000f44   Section        0  gpio_config.o(.text.PortH_Output)
    [Anonymous Symbol]                       0x00000f50   Section        0  gpio_config.o(.text.PortK_Output)
    [Anonymous Symbol]                       0x00000f5c   Section        0  gpio_config.o(.text.PortL_Input)
    [Anonymous Symbol]                       0x00000f6c   Section        0  gpio_config.o(.text.PortM_Output)
    [Anonymous Symbol]                       0x00000f78   Section        0  gpio_config.o(.text.PortP_Output)
    [Anonymous Symbol]                       0x00000f84   Section        0  gpio_config.o(.text.PortQ_Output)
    [Anonymous Symbol]                       0x00000f90   Section        0  matricial.o(.text.TecladoM_Poll)
    [Anonymous Symbol]                       0x00001034   Section        0  gpio_config.o(.text.Timer2A_Handler)
    [Anonymous Symbol]                       0x00001058   Section        0  gpio_config.o(.text.Timer2_Init)
    [Anonymous Symbol]                       0x000010a8   Section        0  gpio_config.o(.text.Timer2_Start)
    [Anonymous Symbol]                       0x000010b8   Section        0  gpio_config.o(.text.Timer2_Stop)
    [Anonymous Symbol]                       0x000010cc   Section        0  motor.o(.text.giraMotor)
    passoCompleto                            0x000012c4   Number         0  motor.o(.text.giraMotor)
    [Anonymous Symbol]                       0x00001304   Section        0  lcd.o(.text.lcd_display_line)
    [Anonymous Symbol]                       0x00001458   Section        0  leds.o(.text.leds_on)
    [Anonymous Symbol]                       0x00001624   Section        0  main.o(.text.main)
    [Anonymous Symbol]                       0x0000165c   Section        0  interface.o(.text.processar_interface)
    i._is_digit                              0x000019b8   Section        0  __printf_wp.o(i._is_digit)
    locale$$code                             0x000019c8   Section       44  lc_ctype_c.o(locale$$code)
    $v0                                      0x000019f4   Number         0  fpinit.o(x$fpl$fpinit)
    x$fpl$fpinit                             0x000019f4   Section       26  fpinit.o(x$fpl$fpinit)
    maptable                                 0x00001a0e   Data          17  __printf_flags_wp.o(.constdata)
    .constdata                               0x00001a0e   Section       17  __printf_flags_wp.o(.constdata)
    meioPasso                                0x00001a20   Data         128  motor.o(.rodata.meioPasso)
    [Anonymous Symbol]                       0x00001a20   Section        0  motor.o(.rodata.meioPasso)
    .L.str.2                                 0x00001aa0   Data           5  motor.o(.rodata.str1.1)
    [Anonymous Symbol]                       0x00001aa0   Section        0  motor.o(.rodata.str1.1)
    .L.str.4                                 0x00001aa5   Data           5  motor.o(.rodata.str1.1)
    .L.str.3                                 0x00001aaa   Data           5  motor.o(.rodata.str1.1)
    .L.str.1                                 0x00001aaf   Data           4  motor.o(.rodata.str1.1)
    .L.str                                   0x00001ab3   Data          14  motor.o(.rodata.str1.1)
    .L.str.5                                 0x00001ac1   Data          13  motor.o(.rodata.str1.1)
    .L.str.2                                 0x00001ace   Data          17  interface.o(.rodata.str1.1)
    [Anonymous Symbol]                       0x00001ace   Section        0  interface.o(.rodata.str1.1)
    .L.str.4                                 0x00001adf   Data          16  interface.o(.rodata.str1.1)
    .L.str.3                                 0x00001aef   Data          15  interface.o(.rodata.str1.1)
    locale$$data                             0x00001b20   Section      272  lc_ctype_c.o(locale$$data)
    __lcctype_c_name                         0x00001b24   Data           2  lc_ctype_c.o(locale$$data)
    __lcctype_c_start                        0x00001b2c   Data           0  lc_ctype_c.o(locale$$data)
    __lcctype_c_end                          0x00001c30   Data           0  lc_ctype_c.o(locale$$data)
    direcao                                  0x20000000   Data           4  interface.o(.data.direcao)
    [Anonymous Symbol]                       0x20000000   Section        0  interface.o(.data.direcao)
    processar_angulo.tecla_anterior          0x20000004   Data           1  interface.o(.data.processar_angulo.tecla_anterior)
    [Anonymous Symbol]                       0x20000004   Section        0  interface.o(.data.processar_angulo.tecla_anterior)
    velocidade                               0x20000008   Data           4  interface.o(.data.velocidade)
    [Anonymous Symbol]                       0x20000008   Section        0  interface.o(.data.velocidade)
    .bss                                     0x20000010   Section       96  libspace.o(.bss)
    angulo                                   0x20000070   Data           4  interface.o(.bss.angulo)
    [Anonymous Symbol]                       0x20000070   Section        0  interface.o(.bss.angulo)
    estado_atual                             0x20000074   Data           1  interface.o(.bss.estado_atual)
    [Anonymous Symbol]                       0x20000074   Section        0  interface.o(.bss.estado_atual)
    lcd_display_line.last_str0               0x20000075   Data          17  lcd.o(.bss.lcd_display_line.last_str0)
    [Anonymous Symbol]                       0x20000075   Section        0  lcd.o(.bss.lcd_display_line.last_str0)
    lcd_display_line.last_str1               0x20000086   Data          17  lcd.o(.bss.lcd_display_line.last_str1)
    [Anonymous Symbol]                       0x20000086   Section        0  lcd.o(.bss.lcd_display_line.last_str1)
    processar_angulo.buffer                  0x20000097   Data           4  interface.o(.bss.processar_angulo.buffer)
    [Anonymous Symbol]                       0x20000097   Section        0  interface.o(.bss.processar_angulo.buffer)
    processar_angulo.pos                     0x2000009c   Data           4  interface.o(.bss.processar_angulo.pos)
    [Anonymous Symbol]                       0x2000009c   Section        0  interface.o(.bss.processar_angulo.pos)
    processar_angulo.ultimo_buffer           0x200000a0   Data           4  interface.o(.bss.processar_angulo.ultimo_buffer)
    [Anonymous Symbol]                       0x200000a0   Section        0  interface.o(.bss.processar_angulo.ultimo_buffer)
    HeapMem                                  0x200000a8   Data           0  startup.o(HEAP)
    StackMem                                 0x200000a8   Data           0  startup.o(STACK)
    HEAP                                     0x200000a8   Section        0  startup.o(HEAP)
    STACK                                    0x200000a8   Section     1024  startup.o(STACK)

    Global Symbols

    Symbol Name                              Value     Ov Type        Size  Object(Section)

    BuildAttributes$$THM_ISAv4$E$P$D$K$B$S$7EM$VFPi3$EXTD16$VFPS$VFMA$PE$A:L22UL41UL21$X:L11$S22US41US21$IEEE1$IW$~IW$USESV6$~STKCKD$USESV7$~SHL$OTIME$ROPI$EBA8$UX$STANDARDLIB$REQ8$PRES8$EABIv2 0x00000000   Number         0  anon$$obj.o ABSOLUTE
    __Vectors                                0x00000000   Data           0  startup.o(RESET)
    _printf_flags                            0x00000000   Number         0  printf_stubs.o ABSOLUTE
    _printf_return_value                     0x00000000   Number         0  printf_stubs.o ABSOLUTE
    _printf_sizespec                         0x00000000   Number         0  printf_stubs.o ABSOLUTE
    _printf_widthprec                        0x00000000   Number         0  printf_stubs.o ABSOLUTE
    __ARM_exceptions_init                     - Undefined Weak Reference
    __alloca_initialize                       - Undefined Weak Reference
    __arm_preinit_                            - Undefined Weak Reference
    __arm_relocate_pie_                       - Undefined Weak Reference
    __cpp_initialize__aeabi_                  - Undefined Weak Reference
    __cxa_finalize                            - Undefined Weak Reference
    __sigvec_lookup                           - Undefined Weak Reference
    _atexit_init                              - Undefined Weak Reference
    _call_atexit_fns                          - Undefined Weak Reference
    _clock_init                               - Undefined Weak Reference
    _fp_trap_init                             - Undefined Weak Reference
    _fp_trap_shutdown                         - Undefined Weak Reference
    _get_lc_collate                           - Undefined Weak Reference
    _get_lc_monetary                          - Undefined Weak Reference
    _get_lc_numeric                           - Undefined Weak Reference
    _get_lc_time                              - Undefined Weak Reference
    _getenv_init                              - Undefined Weak Reference
    _handle_redirection                       - Undefined Weak Reference
    _init_alloc                               - Undefined Weak Reference
    _init_user_alloc                          - Undefined Weak Reference
    _initio                                   - Undefined Weak Reference
    _printf_mbtowc                            - Undefined Weak Reference
    _printf_truncate_signed                   - Undefined Weak Reference
    _printf_truncate_unsigned                 - Undefined Weak Reference
    _rand_init                                - Undefined Weak Reference
    _signal_finish                            - Undefined Weak Reference
    _signal_init                              - Undefined Weak Reference
    _terminate_alloc                          - Undefined Weak Reference
    _terminate_user_alloc                     - Undefined Weak Reference
    _terminateio                              - Undefined Weak Reference
    Reset_Handler                            0x00000209   Thumb Code     0  startup.o(RESET)
    NMI_Handler                              0x0000021d   Thumb Code     2  startup.o(RESET)
    HardFault_Handler                        0x0000021f   Thumb Code     2  startup.o(RESET)
    MemManage_Handler                        0x00000221   Thumb Code     2  startup.o(RESET)
    BusFault_Handler                         0x00000223   Thumb Code     2  startup.o(RESET)
    UsageFault_Handler                       0x00000225   Thumb Code     2  startup.o(RESET)
    SVC_Handler                              0x00000227   Thumb Code     2  startup.o(RESET)
    DebugMon_Handler                         0x00000229   Thumb Code     2  startup.o(RESET)
    PendSV_Handler                           0x0000022b   Thumb Code     2  startup.o(RESET)
    SysTick_Handler                          0x0000022d   Thumb Code     2  startup.o(RESET)
    ADC0Seq0_Handler                         0x0000022f   Thumb Code     0  startup.o(RESET)
    ADC0Seq1_Handler                         0x0000022f   Thumb Code     0  startup.o(RESET)
    ADC0Seq2_Handler                         0x0000022f   Thumb Code     0  startup.o(RESET)
    ADC0Seq3_Handler                         0x0000022f   Thumb Code     0  startup.o(RESET)
    ADC1Seq0_Handler                         0x0000022f   Thumb Code     0  startup.o(RESET)
    ADC1Seq1_Handler                         0x0000022f   Thumb Code     0  startup.o(RESET)
    ADC1Seq2_Handler                         0x0000022f   Thumb Code     0  startup.o(RESET)
    ADC1Seq3_Handler                         0x0000022f   Thumb Code     0  startup.o(RESET)
    CAN0_Handler                             0x0000022f   Thumb Code     0  startup.o(RESET)
    CAN1_Handler                             0x0000022f   Thumb Code     0  startup.o(RESET)
    Comp0_Handler                            0x0000022f   Thumb Code     0  startup.o(RESET)
    Comp1_Handler                            0x0000022f   Thumb Code     0  startup.o(RESET)
    Comp2_Handler                            0x0000022f   Thumb Code     0  startup.o(RESET)
    Ethernet_Handler                         0x0000022f   Thumb Code     0  startup.o(RESET)
    ExtBus_Handler                           0x0000022f   Thumb Code     0  startup.o(RESET)
    FPU_Handler                              0x0000022f   Thumb Code     0  startup.o(RESET)
    FlashCtl_Handler                         0x0000022f   Thumb Code     0  startup.o(RESET)
    GPIOPortA_Handler                        0x0000022f   Thumb Code     0  startup.o(RESET)
    GPIOPortB_Handler                        0x0000022f   Thumb Code     0  startup.o(RESET)
    GPIOPortC_Handler                        0x0000022f   Thumb Code     0  startup.o(RESET)
    GPIOPortD_Handler                        0x0000022f   Thumb Code     0  startup.o(RESET)
    GPIOPortE_Handler                        0x0000022f   Thumb Code     0  startup.o(RESET)
    GPIOPortF_Handler                        0x0000022f   Thumb Code     0  startup.o(RESET)
    GPIOPortG_Handler                        0x0000022f   Thumb Code     0  startup.o(RESET)
    GPIOPortH_Handler                        0x0000022f   Thumb Code     0  startup.o(RESET)
    GPIOPortJ_Handler                        0x0000022f   Thumb Code     0  startup.o(RESET)
    GPIOPortK_Handler                        0x0000022f   Thumb Code     0  startup.o(RESET)
    GPIOPortL_Handler                        0x0000022f   Thumb Code     0  startup.o(RESET)
    GPIOPortM_Handler                        0x0000022f   Thumb Code     0  startup.o(RESET)
    GPIOPortN_Handler                        0x0000022f   Thumb Code     0  startup.o(RESET)
    GPIOPortP1_Handler                       0x0000022f   Thumb Code     0  startup.o(RESET)
    GPIOPortP2_Handler                       0x0000022f   Thumb Code     0  startup.o(RESET)
    GPIOPortP3_Handler                       0x0000022f   Thumb Code     0  startup.o(RESET)
    GPIOPortP4_Handler                       0x0000022f   Thumb Code     0  startup.o(RESET)
    GPIOPortP5_Handler                       0x0000022f   Thumb Code     0  startup.o(RESET)
    GPIOPortP6_Handler                       0x0000022f   Thumb Code     0  startup.o(RESET)
    GPIOPortP7_Handler                       0x0000022f   Thumb Code     0  startup.o(RESET)
    GPIOPortP_Handler                        0x0000022f   Thumb Code     0  startup.o(RESET)
    GPIOPortQ1_Handler                       0x0000022f   Thumb Code     0  startup.o(RESET)
    GPIOPortQ2_Handler                       0x0000022f   Thumb Code     0  startup.o(RESET)
    GPIOPortQ3_Handler                       0x0000022f   Thumb Code     0  startup.o(RESET)
    GPIOPortQ4_Handler                       0x0000022f   Thumb Code     0  startup.o(RESET)
    GPIOPortQ5_Handler                       0x0000022f   Thumb Code     0  startup.o(RESET)
    GPIOPortQ6_Handler                       0x0000022f   Thumb Code     0  startup.o(RESET)
    GPIOPortQ7_Handler                       0x0000022f   Thumb Code     0  startup.o(RESET)
    GPIOPortQ_Handler                        0x0000022f   Thumb Code     0  startup.o(RESET)
    Hibernate_Handler                        0x0000022f   Thumb Code     0  startup.o(RESET)
    I2C0_Handler                             0x0000022f   Thumb Code     0  startup.o(RESET)
    I2C1_Handler                             0x0000022f   Thumb Code     0  startup.o(RESET)
    I2C2_Handler                             0x0000022f   Thumb Code     0  startup.o(RESET)
    I2C3_Handler                             0x0000022f   Thumb Code     0  startup.o(RESET)
    I2C4_Handler                             0x0000022f   Thumb Code     0  startup.o(RESET)
    I2C5_Handler                             0x0000022f   Thumb Code     0  startup.o(RESET)
    I2C6_Handler                             0x0000022f   Thumb Code     0  startup.o(RESET)
    I2C7_Handler                             0x0000022f   Thumb Code     0  startup.o(RESET)
    I2C8_Handler                             0x0000022f   Thumb Code     0  startup.o(RESET)
    I2C9_Handler                             0x0000022f   Thumb Code     0  startup.o(RESET)
    PWM0Fault_Handler                        0x0000022f   Thumb Code     0  startup.o(RESET)
    PWM0Generator0_Handler                   0x0000022f   Thumb Code     0  startup.o(RESET)
    PWM0Generator1_Handler                   0x0000022f   Thumb Code     0  startup.o(RESET)
    PWM0Generator2_Handler                   0x0000022f   Thumb Code     0  startup.o(RESET)
    PWM0Generator3_Handler                   0x0000022f   Thumb Code     0  startup.o(RESET)
    Quadrature0_Handler                      0x0000022f   Thumb Code     0  startup.o(RESET)
    SSI0_Handler                             0x0000022f   Thumb Code     0  startup.o(RESET)
    SSI1_Handler                             0x0000022f   Thumb Code     0  startup.o(RESET)
    SSI2_Handler                             0x0000022f   Thumb Code     0  startup.o(RESET)
    SSI3_Handler                             0x0000022f   Thumb Code     0  startup.o(RESET)
    SysCtl_Handler                           0x0000022f   Thumb Code     0  startup.o(RESET)
    Tamper_Handler                           0x0000022f   Thumb Code     0  startup.o(RESET)
    Timer0A_Handler                          0x0000022f   Thumb Code     0  startup.o(RESET)
    Timer0B_Handler                          0x0000022f   Thumb Code     0  startup.o(RESET)
    Timer1A_Handler                          0x0000022f   Thumb Code     0  startup.o(RESET)
    Timer1B_Handler                          0x0000022f   Thumb Code     0  startup.o(RESET)
    Timer2B_Handler                          0x0000022f   Thumb Code     0  startup.o(RESET)
    Timer3A_Handler                          0x0000022f   Thumb Code     0  startup.o(RESET)
    Timer3B_Handler                          0x0000022f   Thumb Code     0  startup.o(RESET)
    Timer4A_Handler                          0x0000022f   Thumb Code     0  startup.o(RESET)
    Timer4B_Handler                          0x0000022f   Thumb Code     0  startup.o(RESET)
    Timer5A_Handler                          0x0000022f   Thumb Code     0  startup.o(RESET)
    Timer5B_Handler                          0x0000022f   Thumb Code     0  startup.o(RESET)
    Timer6A_Handler                          0x0000022f   Thumb Code     0  startup.o(RESET)
    Timer6B_Handler                          0x0000022f   Thumb Code     0  startup.o(RESET)
    Timer7A_Handler                          0x0000022f   Thumb Code     0  startup.o(RESET)
    Timer7B_Handler                          0x0000022f   Thumb Code     0  startup.o(RESET)
    UART0_Handler                            0x0000022f   Thumb Code     0  startup.o(RESET)
    UART1_Handler                            0x0000022f   Thumb Code     0  startup.o(RESET)
    UART2_Handler                            0x0000022f   Thumb Code     0  startup.o(RESET)
    UART3_Handler                            0x0000022f   Thumb Code     0  startup.o(RESET)
    UART4_Handler                            0x0000022f   Thumb Code     0  startup.o(RESET)
    UART5_Handler                            0x0000022f   Thumb Code     0  startup.o(RESET)
    UART6_Handler                            0x0000022f   Thumb Code     0  startup.o(RESET)
    UART7_Handler                            0x0000022f   Thumb Code     0  startup.o(RESET)
    USB0_Handler                             0x0000022f   Thumb Code     0  startup.o(RESET)
    WDT_Handler                              0x0000022f   Thumb Code     0  startup.o(RESET)
    uDMA_Error                               0x0000022f   Thumb Code     0  startup.o(RESET)
    uDMA_Handler                             0x0000022f   Thumb Code     0  startup.o(RESET)
    __main                                   0x00000231   Thumb Code     8  __main.o(!!!main)
    __scatterload                            0x00000239   Thumb Code     0  __scatter.o(!!!scatter)
    __scatterload_rt2                        0x00000239   Thumb Code    84  __scatter.o(!!!scatter)
    __scatterload_rt2_thumb_only             0x00000239   Thumb Code     0  __scatter.o(!!!scatter)
    __scatterload_loop                       0x00000243   Thumb Code     0  __scatter.o(!!!scatter)
    __scatterload_copy                       0x00000295   Thumb Code    26  __scatter_copy.o(!!handler_copy)
    __scatterload_null                       0x000002b1   Thumb Code     2  __scatter.o(!!handler_null)
    __scatterload_zeroinit                   0x000002b5   Thumb Code    28  __scatter_zi.o(!!handler_zi)
    _printf_d                                0x000002d1   Thumb Code     0  _printf_d.o(.ARM.Collect$$_printf_percent$$00000009)
    _printf_percent                          0x000002d1   Thumb Code     0  _printf_percent.o(.ARM.Collect$$_printf_percent$$00000000)
    _printf_s                                0x000002d7   Thumb Code     0  _printf_s.o(.ARM.Collect$$_printf_percent$$00000014)
    _printf_percent_end                      0x000002dd   Thumb Code     0  _printf_percent_end.o(.ARM.Collect$$_printf_percent$$00000017)
    __rt_lib_init                            0x000002e1   Thumb Code     0  libinit.o(.ARM.Collect$$libinit$$00000000)
    __rt_lib_init_fp_1                       0x000002e3   Thumb Code     0  libinit2.o(.ARM.Collect$$libinit$$00000001)
    __rt_lib_init_heap_1                     0x000002e7   Thumb Code     0  libinit2.o(.ARM.Collect$$libinit$$0000000C)
    __rt_lib_init_lc_common                  0x000002e7   Thumb Code     0  libinit2.o(.ARM.Collect$$libinit$$00000011)
    __rt_lib_init_preinit_1                  0x000002e7   Thumb Code     0  libinit2.o(.ARM.Collect$$libinit$$00000006)
    __rt_lib_init_rand_1                     0x000002e7   Thumb Code     0  libinit2.o(.ARM.Collect$$libinit$$00000010)
    __rt_lib_init_relocate_pie_1             0x000002e7   Thumb Code     0  libinit2.o(.ARM.Collect$$libinit$$00000004)
    __rt_lib_init_user_alloc_1               0x000002e7   Thumb Code     0  libinit2.o(.ARM.Collect$$libinit$$0000000E)
    __rt_lib_init_lc_collate_1               0x000002ed   Thumb Code     0  libinit2.o(.ARM.Collect$$libinit$$00000013)
    __rt_lib_init_lc_ctype_2                 0x000002ed   Thumb Code     0  libinit2.o(.ARM.Collect$$libinit$$00000014)
    __rt_lib_init_alloca_1                   0x000002f9   Thumb Code     0  libinit2.o(.ARM.Collect$$libinit$$00000030)
    __rt_lib_init_argv_1                     0x000002f9   Thumb Code     0  libinit2.o(.ARM.Collect$$libinit$$0000002E)
    __rt_lib_init_atexit_1                   0x000002f9   Thumb Code     0  libinit2.o(.ARM.Collect$$libinit$$0000001D)
    __rt_lib_init_clock_1                    0x000002f9   Thumb Code     0  libinit2.o(.ARM.Collect$$libinit$$00000023)
    __rt_lib_init_cpp_1                      0x000002f9   Thumb Code     0  libinit2.o(.ARM.Collect$$libinit$$00000034)
    __rt_lib_init_exceptions_1               0x000002f9   Thumb Code     0  libinit2.o(.ARM.Collect$$libinit$$00000032)
    __rt_lib_init_fp_trap_1                  0x000002f9   Thumb Code     0  libinit2.o(.ARM.Collect$$libinit$$00000021)
    __rt_lib_init_getenv_1                   0x000002f9   Thumb Code     0  libinit2.o(.ARM.Collect$$libinit$$00000025)
    __rt_lib_init_lc_ctype_1                 0x000002f9   Thumb Code     0  libinit2.o(.ARM.Collect$$libinit$$00000015)
    __rt_lib_init_lc_monetary_1              0x000002f9   Thumb Code     0  libinit2.o(.ARM.Collect$$libinit$$00000017)
    __rt_lib_init_lc_numeric_1               0x000002f9   Thumb Code     0  libinit2.o(.ARM.Collect$$libinit$$00000019)
    __rt_lib_init_lc_time_1                  0x000002f9   Thumb Code     0  libinit2.o(.ARM.Collect$$libinit$$0000001B)
    __rt_lib_init_return                     0x000002f9   Thumb Code     0  libinit2.o(.ARM.Collect$$libinit$$00000035)
    __rt_lib_init_signal_1                   0x000002f9   Thumb Code     0  libinit2.o(.ARM.Collect$$libinit$$0000001F)
    __rt_lib_init_stdio_1                    0x000002f9   Thumb Code     0  libinit2.o(.ARM.Collect$$libinit$$00000027)
    __rt_lib_shutdown                        0x000002fb   Thumb Code     0  libshutdown.o(.ARM.Collect$$libshutdown$$00000000)
    __rt_lib_shutdown_cpp_1                  0x000002fd   Thumb Code     0  libshutdown2.o(.ARM.Collect$$libshutdown$$00000002)
    __rt_lib_shutdown_fp_trap_1              0x000002fd   Thumb Code     0  libshutdown2.o(.ARM.Collect$$libshutdown$$00000007)
    __rt_lib_shutdown_heap_1                 0x000002fd   Thumb Code     0  libshutdown2.o(.ARM.Collect$$libshutdown$$0000000F)
    __rt_lib_shutdown_return                 0x000002fd   Thumb Code     0  libshutdown2.o(.ARM.Collect$$libshutdown$$00000010)
    __rt_lib_shutdown_signal_1               0x000002fd   Thumb Code     0  libshutdown2.o(.ARM.Collect$$libshutdown$$0000000A)
    __rt_lib_shutdown_stdio_1                0x000002fd   Thumb Code     0  libshutdown2.o(.ARM.Collect$$libshutdown$$00000004)
    __rt_lib_shutdown_user_alloc_1           0x000002fd   Thumb Code     0  libshutdown2.o(.ARM.Collect$$libshutdown$$0000000C)
    __rt_entry                               0x000002ff   Thumb Code     0  __rtentry.o(.ARM.Collect$$rtentry$$00000000)
    __rt_entry_presh_1                       0x000002ff   Thumb Code     0  __rtentry2.o(.ARM.Collect$$rtentry$$00000002)
    __rt_entry_sh                            0x000002ff   Thumb Code     0  __rtentry4.o(.ARM.Collect$$rtentry$$00000004)
    __rt_entry_li                            0x00000305   Thumb Code     0  __rtentry2.o(.ARM.Collect$$rtentry$$0000000A)
    __rt_entry_postsh_1                      0x00000305   Thumb Code     0  __rtentry2.o(.ARM.Collect$$rtentry$$00000009)
    __rt_entry_main                          0x00000309   Thumb Code     0  __rtentry2.o(.ARM.Collect$$rtentry$$0000000D)
    __rt_entry_postli_1                      0x00000309   Thumb Code     0  __rtentry2.o(.ARM.Collect$$rtentry$$0000000C)
    __rt_exit                                0x00000311   Thumb Code     0  rtexit.o(.ARM.Collect$$rtexit$$00000000)
    __rt_exit_ls                             0x00000313   Thumb Code     0  rtexit2.o(.ARM.Collect$$rtexit$$00000003)
    __rt_exit_prels_1                        0x00000313   Thumb Code     0  rtexit2.o(.ARM.Collect$$rtexit$$00000002)
    __rt_exit_exit                           0x00000317   Thumb Code     0  rtexit2.o(.ARM.Collect$$rtexit$$00000004)
    DisableInterrupts                        0x0000031d   Thumb Code     0  startup.o(.text)
    EnableInterrupts                         0x00000321   Thumb Code     0  startup.o(.text)
    StartCritical                            0x00000325   Thumb Code     0  startup.o(.text)
    EndCritical                              0x0000032d   Thumb Code     0  startup.o(.text)
    WaitForInterrupt                         0x00000333   Thumb Code     0  startup.o(.text)
    __user_initial_stackheap                 0x00000337   Thumb Code     0  startup.o(.text)
    PLL_Init                                 0x0000034d   Thumb Code     0  utils.o(.text)
    SysTick_Init                             0x00000475   Thumb Code     0  utils.o(.text)
    SysTick_Wait1ms                          0x000004af   Thumb Code     0  utils.o(.text)
    SysTick_Wait1us                          0x000004c1   Thumb Code     0  utils.o(.text)
    __2snprintf                              0x00000531   Thumb Code    58  noretval__2snprintf.o(.text)
    _printf_pre_padding                      0x00000571   Thumb Code    44  _printf_pad.o(.text)
    _printf_post_padding                     0x0000059d   Thumb Code    34  _printf_pad.o(.text)
    _printf_str                              0x000005bf   Thumb Code    82  _printf_str.o(.text)
    _printf_int_dec                          0x00000611   Thumb Code   104  _printf_dec.o(.text)
    __printf                                 0x00000689   Thumb Code   308  __printf_flags_wp.o(.text)
    atoi                                     0x000007c1   Thumb Code    26  atoi.o(.text)
    strncpy                                  0x000007db   Thumb Code    86  strncpy.o(.text)
    strcmp                                   0x00000831   Thumb Code   124  strcmpv7em.o(.text)
    __use_two_region_memory                  0x000008ad   Thumb Code     2  heapauxi.o(.text)
    __rt_heap_escrow$2region                 0x000008af   Thumb Code     2  heapauxi.o(.text)
    __rt_heap_expand$2region                 0x000008b1   Thumb Code     2  heapauxi.o(.text)
    __aeabi_errno_addr                       0x000008b5   Thumb Code     8  rt_errno_addr_intlibspace.o(.text)
    __errno$intlibspace                      0x000008b5   Thumb Code     0  rt_errno_addr_intlibspace.o(.text)
    __rt_errno_addr$intlibspace              0x000008b5   Thumb Code     0  rt_errno_addr_intlibspace.o(.text)
    _printf_int_common                       0x000008bd   Thumb Code   178  _printf_intcommon.o(.text)
    _printf_char_common                      0x0000097b   Thumb Code    32  _printf_char_common.o(.text)
    _snputc                                  0x000009a1   Thumb Code    16  _snputc.o(.text)
    _printf_cs_common                        0x000009b1   Thumb Code    20  _printf_char.o(.text)
    _printf_char                             0x000009c5   Thumb Code    16  _printf_char.o(.text)
    _printf_string                           0x000009d5   Thumb Code     8  _printf_char.o(.text)
    strtol                                   0x000009dd   Thumb Code   112  strtol.o(.text)
    __aeabi_memclr                           0x00000a4d   Thumb Code     0  rt_memclr.o(.text)
    __rt_memclr                              0x00000a4d   Thumb Code     0  rt_memclr.o(.text)
    _memset                                  0x00000a51   Thumb Code    64  rt_memclr.o(.text)
    __user_libspace                          0x00000a91   Thumb Code     8  libspace.o(.text)
    __user_perproc_libspace                  0x00000a91   Thumb Code     0  libspace.o(.text)
    __user_perthread_libspace                0x00000a91   Thumb Code     0  libspace.o(.text)
    __rt_ctype_table                         0x00000a99   Thumb Code    16  rt_ctype_table.o(.text)
    _strtoul                                 0x00000aa9   Thumb Code   158  _strtoul.o(.text)
    __aeabi_memclr4                          0x00000b47   Thumb Code     0  rt_memclr_w.o(.text)
    __aeabi_memclr8                          0x00000b47   Thumb Code     0  rt_memclr_w.o(.text)
    __rt_memclr_w                            0x00000b47   Thumb Code     0  rt_memclr_w.o(.text)
    _memset_w                                0x00000b4b   Thumb Code    74  rt_memclr_w.o(.text)
    __user_setup_stackheap                   0x00000b95   Thumb Code    74  sys_stackheap_outer.o(.text)
    __rt_locale                              0x00000be1   Thumb Code     8  rt_locale_intlibspace.o(.text)
    _chval                                   0x00000be9   Thumb Code    28  _chval.o(.text)
    exit                                     0x00000c05   Thumb Code    18  exit.o(.text)
    _sys_exit                                0x00000c19   Thumb Code     8  sys_exit.o(.text)
    __I$use$semihosting                      0x00000c25   Thumb Code     0  use_no_semi.o(.text)
    __use_no_semihosting_swi                 0x00000c25   Thumb Code     2  use_no_semi.o(.text)
    __semihosting_library_function           0x00000c27   Thumb Code     0  indicate_semi.o(.text)
    GPIO_Init                                0x00000c29   Thumb Code   574  gpio_config.o(.text.GPIO_Init)
    LCD_Init                                 0x00000e69   Thumb Code   184  lcd.o(.text.LCD_Init)
    PortA_Output                             0x00000f21   Thumb Code    12  gpio_config.o(.text.PortA_Output)
    PortB_Output                             0x00000f2d   Thumb Code    24  gpio_config.o(.text.PortB_Output)
    PortH_Output                             0x00000f45   Thumb Code    12  gpio_config.o(.text.PortH_Output)
    PortK_Output                             0x00000f51   Thumb Code    12  gpio_config.o(.text.PortK_Output)
    PortL_Input                              0x00000f5d   Thumb Code    16  gpio_config.o(.text.PortL_Input)
    PortM_Output                             0x00000f6d   Thumb Code    12  gpio_config.o(.text.PortM_Output)
    PortP_Output                             0x00000f79   Thumb Code    12  gpio_config.o(.text.PortP_Output)
    PortQ_Output                             0x00000f85   Thumb Code    12  gpio_config.o(.text.PortQ_Output)
    TecladoM_Poll                            0x00000f91   Thumb Code   144  matricial.o(.text.TecladoM_Poll)
    Timer2A_Handler                          0x00001035   Thumb Code    36  gpio_config.o(.text.Timer2A_Handler)
    Timer2_Init                              0x00001059   Thumb Code    80  gpio_config.o(.text.Timer2_Init)
    Timer2_Start                             0x000010a9   Thumb Code    16  gpio_config.o(.text.Timer2_Start)
    Timer2_Stop                              0x000010b9   Thumb Code    18  gpio_config.o(.text.Timer2_Stop)
    giraMotor                                0x000010cd   Thumb Code   496  motor.o(.text.giraMotor)
    lcd_display_line                         0x00001305   Thumb Code   338  lcd.o(.text.lcd_display_line)
    leds_on                                  0x00001459   Thumb Code   458  leds.o(.text.leds_on)
    main                                     0x00001625   Thumb Code    36  main.o(.text.main)
    processar_interface                      0x0000165d   Thumb Code   716  interface.o(.text.processar_interface)
    _is_digit                                0x000019b9   Thumb Code    14  __printf_wp.o(i._is_digit)
    _get_lc_ctype                            0x000019c9   Thumb Code    44  lc_ctype_c.o(locale$$code)
    _fp_init                                 0x000019f5   Thumb Code    26  fpinit.o(x$fpl$fpinit)
    __fplib_config_fpu_vfp                   0x00001a0d   Thumb Code     0  fpinit.o(x$fpl$fpinit)
    __fplib_config_pureend_doubles           0x00001a0d   Thumb Code     0  fpinit.o(x$fpl$fpinit)
    Region$$Table$$Base                      0x00001b00   Number         0  anon$$obj.o(Region$$Table)
    Region$$Table$$Limit                     0x00001b20   Number         0  anon$$obj.o(Region$$Table)
    __ctype                                  0x00001b2d   Data           0  lc_ctype_c.o(locale$$data)
    __libspace_start                         0x20000010   Data          96  libspace.o(.bss)
    __temporary_stack_top$libspace           0x20000070   Data           0  libspace.o(.bss)



==============================================================================

Memory Map of the image

  Image Entry point : 0x00000209

  Load Region LR_1 (Base: 0x00000000, Size: 0x00001c3c, Max: 0xffffffff, ABSOLUTE)

    Execution Region ER_RO (Exec base: 0x00000000, Load base: 0x00000000, Size: 0x00001c30, Max: 0xffffffff, ABSOLUTE)

    Exec Addr    Load Addr    Size         Type   Attr      Idx    E Section Name        Object

    0x00000000   0x00000000   0x00000230   Code   RO            3  * RESET               startup.o
    0x00000230   0x00000230   0x00000008   Code   RO          197  * !!!main             c_w.l(__main.o)
    0x00000238   0x00000238   0x0000005c   Code   RO          398    !!!scatter          c_w.l(__scatter.o)
    0x00000294   0x00000294   0x0000001a   Code   RO          402    !!handler_copy      c_w.l(__scatter_copy.o)
    0x000002ae   0x000002ae   0x00000002   PAD
    0x000002b0   0x000002b0   0x00000002   Code   RO          399    !!handler_null      c_w.l(__scatter.o)
    0x000002b2   0x000002b2   0x00000002   PAD
    0x000002b4   0x000002b4   0x0000001c   Code   RO          404    !!handler_zi        c_w.l(__scatter_zi.o)
    0x000002d0   0x000002d0   0x00000000   Code   RO          188    .ARM.Collect$$_printf_percent$$00000000  c_w.l(_printf_percent.o)
    0x000002d0   0x000002d0   0x00000006   Code   RO          187    .ARM.Collect$$_printf_percent$$00000009  c_w.l(_printf_d.o)
    0x000002d6   0x000002d6   0x00000006   Code   RO          186    .ARM.Collect$$_printf_percent$$00000014  c_w.l(_printf_s.o)
    0x000002dc   0x000002dc   0x00000004   Code   RO          213    .ARM.Collect$$_printf_percent$$00000017  c_w.l(_printf_percent_end.o)
    0x000002e0   0x000002e0   0x00000002   Code   RO          263    .ARM.Collect$$libinit$$00000000  c_w.l(libinit.o)
    0x000002e2   0x000002e2   0x00000004   Code   RO          266    .ARM.Collect$$libinit$$00000001  c_w.l(libinit2.o)
    0x000002e6   0x000002e6   0x00000000   Code   RO          269    .ARM.Collect$$libinit$$00000004  c_w.l(libinit2.o)
    0x000002e6   0x000002e6   0x00000000   Code   RO          271    .ARM.Collect$$libinit$$00000006  c_w.l(libinit2.o)
    0x000002e6   0x000002e6   0x00000000   Code   RO          274    .ARM.Collect$$libinit$$0000000C  c_w.l(libinit2.o)
    0x000002e6   0x000002e6   0x00000000   Code   RO          276    .ARM.Collect$$libinit$$0000000E  c_w.l(libinit2.o)
    0x000002e6   0x000002e6   0x00000000   Code   RO          278    .ARM.Collect$$libinit$$00000010  c_w.l(libinit2.o)
    0x000002e6   0x000002e6   0x00000006   Code   RO          279    .ARM.Collect$$libinit$$00000011  c_w.l(libinit2.o)
    0x000002ec   0x000002ec   0x00000000   Code   RO          281    .ARM.Collect$$libinit$$00000013  c_w.l(libinit2.o)
    0x000002ec   0x000002ec   0x0000000c   Code   RO          282    .ARM.Collect$$libinit$$00000014  c_w.l(libinit2.o)
    0x000002f8   0x000002f8   0x00000000   Code   RO          283    .ARM.Collect$$libinit$$00000015  c_w.l(libinit2.o)
    0x000002f8   0x000002f8   0x00000000   Code   RO          285    .ARM.Collect$$libinit$$00000017  c_w.l(libinit2.o)
    0x000002f8   0x000002f8   0x00000000   Code   RO          287    .ARM.Collect$$libinit$$00000019  c_w.l(libinit2.o)
    0x000002f8   0x000002f8   0x00000000   Code   RO          289    .ARM.Collect$$libinit$$0000001B  c_w.l(libinit2.o)
    0x000002f8   0x000002f8   0x00000000   Code   RO          291    .ARM.Collect$$libinit$$0000001D  c_w.l(libinit2.o)
    0x000002f8   0x000002f8   0x00000000   Code   RO          293    .ARM.Collect$$libinit$$0000001F  c_w.l(libinit2.o)
    0x000002f8   0x000002f8   0x00000000   Code   RO          295    .ARM.Collect$$libinit$$00000021  c_w.l(libinit2.o)
    0x000002f8   0x000002f8   0x00000000   Code   RO          297    .ARM.Collect$$libinit$$00000023  c_w.l(libinit2.o)
    0x000002f8   0x000002f8   0x00000000   Code   RO          299    .ARM.Collect$$libinit$$00000025  c_w.l(libinit2.o)
    0x000002f8   0x000002f8   0x00000000   Code   RO          301    .ARM.Collect$$libinit$$00000027  c_w.l(libinit2.o)
    0x000002f8   0x000002f8   0x00000000   Code   RO          305    .ARM.Collect$$libinit$$0000002E  c_w.l(libinit2.o)
    0x000002f8   0x000002f8   0x00000000   Code   RO          307    .ARM.Collect$$libinit$$00000030  c_w.l(libinit2.o)
    0x000002f8   0x000002f8   0x00000000   Code   RO          309    .ARM.Collect$$libinit$$00000032  c_w.l(libinit2.o)
    0x000002f8   0x000002f8   0x00000000   Code   RO          311    .ARM.Collect$$libinit$$00000034  c_w.l(libinit2.o)
    0x000002f8   0x000002f8   0x00000002   Code   RO          312    .ARM.Collect$$libinit$$00000035  c_w.l(libinit2.o)
    0x000002fa   0x000002fa   0x00000002   Code   RO          334    .ARM.Collect$$libshutdown$$00000000  c_w.l(libshutdown.o)
    0x000002fc   0x000002fc   0x00000000   Code   RO          349    .ARM.Collect$$libshutdown$$00000002  c_w.l(libshutdown2.o)
    0x000002fc   0x000002fc   0x00000000   Code   RO          351    .ARM.Collect$$libshutdown$$00000004  c_w.l(libshutdown2.o)
    0x000002fc   0x000002fc   0x00000000   Code   RO          354    .ARM.Collect$$libshutdown$$00000007  c_w.l(libshutdown2.o)
    0x000002fc   0x000002fc   0x00000000   Code   RO          357    .ARM.Collect$$libshutdown$$0000000A  c_w.l(libshutdown2.o)
    0x000002fc   0x000002fc   0x00000000   Code   RO          359    .ARM.Collect$$libshutdown$$0000000C  c_w.l(libshutdown2.o)
    0x000002fc   0x000002fc   0x00000000   Code   RO          362    .ARM.Collect$$libshutdown$$0000000F  c_w.l(libshutdown2.o)
    0x000002fc   0x000002fc   0x00000002   Code   RO          363    .ARM.Collect$$libshutdown$$00000010  c_w.l(libshutdown2.o)
    0x000002fe   0x000002fe   0x00000000   Code   RO          199    .ARM.Collect$$rtentry$$00000000  c_w.l(__rtentry.o)
    0x000002fe   0x000002fe   0x00000000   Code   RO          222    .ARM.Collect$$rtentry$$00000002  c_w.l(__rtentry2.o)
    0x000002fe   0x000002fe   0x00000006   Code   RO          234    .ARM.Collect$$rtentry$$00000004  c_w.l(__rtentry4.o)
    0x00000304   0x00000304   0x00000000   Code   RO          224    .ARM.Collect$$rtentry$$00000009  c_w.l(__rtentry2.o)
    0x00000304   0x00000304   0x00000004   Code   RO          225    .ARM.Collect$$rtentry$$0000000A  c_w.l(__rtentry2.o)
    0x00000308   0x00000308   0x00000000   Code   RO          227    .ARM.Collect$$rtentry$$0000000C  c_w.l(__rtentry2.o)
    0x00000308   0x00000308   0x00000008   Code   RO          228    .ARM.Collect$$rtentry$$0000000D  c_w.l(__rtentry2.o)
    0x00000310   0x00000310   0x00000002   Code   RO          264    .ARM.Collect$$rtexit$$00000000  c_w.l(rtexit.o)
    0x00000312   0x00000312   0x00000000   Code   RO          314    .ARM.Collect$$rtexit$$00000002  c_w.l(rtexit2.o)
    0x00000312   0x00000312   0x00000004   Code   RO          315    .ARM.Collect$$rtexit$$00000003  c_w.l(rtexit2.o)
    0x00000316   0x00000316   0x00000006   Code   RO          316    .ARM.Collect$$rtexit$$00000004  c_w.l(rtexit2.o)
    0x0000031c   0x0000031c   0x00000030   Code   RO            4    .text               startup.o
    0x0000034c   0x0000034c   0x000001e4   Code   RO           12    .text               utils.o
    0x00000530   0x00000530   0x00000040   Code   RO          156    .text               c_w.l(noretval__2snprintf.o)
    0x00000570   0x00000570   0x0000004e   Code   RO          160    .text               c_w.l(_printf_pad.o)
    0x000005be   0x000005be   0x00000052   Code   RO          162    .text               c_w.l(_printf_str.o)
    0x00000610   0x00000610   0x00000078   Code   RO          164    .text               c_w.l(_printf_dec.o)
    0x00000688   0x00000688   0x00000138   Code   RO          178    .text               c_w.l(__printf_flags_wp.o)
    0x000007c0   0x000007c0   0x0000001a   Code   RO          189    .text               c_w.l(atoi.o)
    0x000007da   0x000007da   0x00000056   Code   RO          191    .text               c_w.l(strncpy.o)
    0x00000830   0x00000830   0x0000007c   Code   RO          193    .text               c_w.l(strcmpv7em.o)
    0x000008ac   0x000008ac   0x00000006   Code   RO          195    .text               c_w.l(heapauxi.o)
    0x000008b2   0x000008b2   0x00000002   PAD
    0x000008b4   0x000008b4   0x00000008   Code   RO          203    .text               c_w.l(rt_errno_addr_intlibspace.o)
    0x000008bc   0x000008bc   0x000000b2   Code   RO          205    .text               c_w.l(_printf_intcommon.o)
    0x0000096e   0x0000096e   0x00000002   PAD
    0x00000970   0x00000970   0x00000030   Code   RO          207    .text               c_w.l(_printf_char_common.o)
    0x000009a0   0x000009a0   0x00000010   Code   RO          209    .text               c_w.l(_snputc.o)
    0x000009b0   0x000009b0   0x0000002c   Code   RO          211    .text               c_w.l(_printf_char.o)
    0x000009dc   0x000009dc   0x00000070   Code   RO          214    .text               c_w.l(strtol.o)
    0x00000a4c   0x00000a4c   0x00000044   Code   RO          216    .text               c_w.l(rt_memclr.o)
    0x00000a90   0x00000a90   0x00000008   Code   RO          218    .text               c_w.l(libspace.o)
    0x00000a98   0x00000a98   0x00000010   Code   RO          236    .text               c_w.l(rt_ctype_table.o)
    0x00000aa8   0x00000aa8   0x0000009e   Code   RO          240    .text               c_w.l(_strtoul.o)
    0x00000b46   0x00000b46   0x0000004e   Code   RO          242    .text               c_w.l(rt_memclr_w.o)
    0x00000b94   0x00000b94   0x0000004a   Code   RO          244    .text               c_w.l(sys_stackheap_outer.o)
    0x00000bde   0x00000bde   0x00000002   PAD
    0x00000be0   0x00000be0   0x00000008   Code   RO          249    .text               c_w.l(rt_locale_intlibspace.o)
    0x00000be8   0x00000be8   0x0000001c   Code   RO          251    .text               c_w.l(_chval.o)
    0x00000c04   0x00000c04   0x00000012   Code   RO          256    .text               c_w.l(exit.o)
    0x00000c16   0x00000c16   0x00000002   PAD
    0x00000c18   0x00000c18   0x0000000c   Code   RO          324    .text               c_w.l(sys_exit.o)
    0x00000c24   0x00000c24   0x00000002   Code   RO          339    .text               c_w.l(use_no_semi.o)
    0x00000c26   0x00000c26   0x00000000   Code   RO          341    .text               c_w.l(indicate_semi.o)
    0x00000c26   0x00000c26   0x00000002   PAD
    0x00000c28   0x00000c28   0x0000023e   Code   RO           45    .text.GPIO_Init     gpio_config.o
    0x00000e66   0x00000e66   0x00000002   PAD
    0x00000e68   0x00000e68   0x000000b8   Code   RO           25    .text.LCD_Init      lcd.o
    0x00000f20   0x00000f20   0x0000000c   Code   RO           47    .text.PortA_Output  gpio_config.o
    0x00000f2c   0x00000f2c   0x00000018   Code   RO           49    .text.PortB_Output  gpio_config.o
    0x00000f44   0x00000f44   0x0000000c   Code   RO           59    .text.PortH_Output  gpio_config.o
    0x00000f50   0x00000f50   0x0000000c   Code   RO           63    .text.PortK_Output  gpio_config.o
    0x00000f5c   0x00000f5c   0x00000010   Code   RO           67    .text.PortL_Input   gpio_config.o
    0x00000f6c   0x00000f6c   0x0000000c   Code   RO           69    .text.PortM_Output  gpio_config.o
    0x00000f78   0x00000f78   0x0000000c   Code   RO           73    .text.PortP_Output  gpio_config.o
    0x00000f84   0x00000f84   0x0000000c   Code   RO           75    .text.PortQ_Output  gpio_config.o
    0x00000f90   0x00000f90   0x000000a4   Code   RO          144    .text.TecladoM_Poll  matricial.o
    0x00001034   0x00001034   0x00000024   Code   RO           83    .text.Timer2A_Handler  gpio_config.o
    0x00001058   0x00001058   0x00000050   Code   RO           77    .text.Timer2_Init   gpio_config.o
    0x000010a8   0x000010a8   0x00000010   Code   RO           79    .text.Timer2_Start  gpio_config.o
    0x000010b8   0x000010b8   0x00000012   Code   RO           81    .text.Timer2_Stop   gpio_config.o
    0x000010ca   0x000010ca   0x00000002   PAD
    0x000010cc   0x000010cc   0x00000238   Code   RO           95    .text.giraMotor     motor.o
    0x00001304   0x00001304   0x00000152   Code   RO           33    .text.lcd_display_line  lcd.o
    0x00001456   0x00001456   0x00000002   PAD
    0x00001458   0x00001458   0x000001ca   Code   RO          113    .text.leds_on       leds.o
    0x00001622   0x00001622   0x00000002   PAD
    0x00001624   0x00001624   0x00000038   Code   RO           16    .text.main          main.o
    0x0000165c   0x0000165c   0x0000035c   Code   RO          125    .text.processar_interface  interface.o
    0x000019b8   0x000019b8   0x0000000e   Code   RO          176    i._is_digit         c_w.l(__printf_wp.o)
    0x000019c6   0x000019c6   0x00000002   PAD
    0x000019c8   0x000019c8   0x0000002c   Code   RO          254    locale$$code        c_w.l(lc_ctype_c.o)
    0x000019f4   0x000019f4   0x0000001a   Code   RO          322    x$fpl$fpinit        fz_wm.l(fpinit.o)
    0x00001a0e   0x00001a0e   0x00000011   Data   RO          179    .constdata          c_w.l(__printf_flags_wp.o)
    0x00001a1f   0x00001a1f   0x00000001   PAD
    0x00001a20   0x00001a20   0x00000080   Data   RO           98    .rodata.meioPasso   motor.o
    0x00001aa0   0x00001aa0   0x0000002e   Data   RO           97    .rodata.str1.1      motor.o
    0x00001ace   0x00001ace   0x00000030   Data   RO          135    .rodata.str1.1      interface.o
    0x00001afe   0x00001afe   0x00000002   PAD
    0x00001b00   0x00001b00   0x00000020   Data   RO          397    Region$$Table       anon$$obj.o
    0x00001b20   0x00001b20   0x00000110   Data   RO          253    locale$$data        c_w.l(lc_ctype_c.o)


    Execution Region ER_RW (Exec base: 0x20000000, Load base: 0x00001c30, Size: 0x0000000c, Max: 0xffffffff, ABSOLUTE)

    Exec Addr    Load Addr    Size         Type   Attr      Idx    E Section Name        Object

    0x20000000   0x00001c30   0x00000004   Data   RW          129    .data.direcao       interface.o
    0x20000004   0x00001c34   0x00000001   Data   RW          133    .data.processar_angulo.tecla_anterior  interface.o
    0x20000005   0x00001c35   0x00000003   PAD
    0x20000008   0x00001c38   0x00000004   Data   RW          130    .data.velocidade    interface.o


    Execution Region ER_ZI (Exec base: 0x20000010, Load base: 0x00001c3c, Size: 0x00000498, Max: 0xffffffff, ABSOLUTE)

    Exec Addr    Load Addr    Size         Type   Attr      Idx    E Section Name        Object

    0x20000010        -       0x00000060   Zero   RW          219    .bss                c_w.l(libspace.o)
    0x20000070        -       0x00000004   Zero   RW          128    .bss.angulo         interface.o
    0x20000074        -       0x00000001   Zero   RW          127    .bss.estado_atual   interface.o
    0x20000075        -       0x00000011   Zero   RW           35    .bss.lcd_display_line.last_str0  lcd.o
    0x20000086        -       0x00000011   Zero   RW           36    .bss.lcd_display_line.last_str1  lcd.o
    0x20000097        -       0x00000004   Zero   RW          131    .bss.processar_angulo.buffer  interface.o
    0x2000009b   0x00001c3c   0x00000001   PAD
    0x2000009c        -       0x00000004   Zero   RW          132    .bss.processar_angulo.pos  interface.o
    0x200000a0        -       0x00000004   Zero   RW          134    .bss.processar_angulo.ultimo_buffer  interface.o
    0x200000a4   0x00001c3c   0x00000004   PAD
    0x200000a8        -       0x00000000   Zero   RW            2    HEAP                startup.o
    0x200000a8        -       0x00000400   Zero   RW            1    STACK               startup.o


==============================================================================

Image component sizes


      Code (inc. data)   RO Data    RW Data    ZI Data      Debug   Object Name

       836          0          0          0          0       3330   gpio_config.o
       860        150         48          9         17       2414   interface.o
       522          0          0          0         34       3083   lcd.o
       458        192          0          0          0       2333   leds.o
        56         20          0          0          0        474   main.o
       164         20          0          0          0       1100   matricial.o
       568         72        174          0          0       2845   motor.o
       608        532          0          0       1024       1008   startup.o
       484         92          0          0          0        368   utils.o

    ----------------------------------------------------------------------
      4564       1078        256         12       1080      16955   Object Totals
         0          0         32          0          0          0   (incl. Generated)
         8          0          2          3          5          0   (incl. Padding)

    ----------------------------------------------------------------------

      Code (inc. data)   RO Data    RW Data    ZI Data      Debug   Library Member Name

         8          0          0          0          0         68   __main.o
       312          4         17          0          0         92   __printf_flags_wp.o
        14          0          0          0          0         68   __printf_wp.o
         0          0          0          0          0          0   __rtentry.o
        12          0          0          0          0          0   __rtentry2.o
         6          0          0          0          0          0   __rtentry4.o
        94          8          0          0          0          0   __scatter.o
        26          0          0          0          0          0   __scatter_copy.o
        28          0          0          0          0          0   __scatter_zi.o
        28          0          0          0          0         68   _chval.o
        44          0          0          0          0        108   _printf_char.o
        48          6          0          0          0         96   _printf_char_common.o
         6          0          0          0          0          0   _printf_d.o
       120         16          0          0          0         92   _printf_dec.o
       178          0          0          0          0         88   _printf_intcommon.o
        78          0          0          0          0        108   _printf_pad.o
         0          0          0          0          0          0   _printf_percent.o
         4          0          0          0          0          0   _printf_percent_end.o
         6          0          0          0          0          0   _printf_s.o
        82          0          0          0          0         80   _printf_str.o
        16          0          0          0          0         68   _snputc.o
       158          0          0          0          0         92   _strtoul.o
        26          0          0          0          0         80   atoi.o
        18          0          0          0          0         80   exit.o
         6          0          0          0          0        152   heapauxi.o
         0          0          0          0          0          0   indicate_semi.o
        44         10        272          0          0         76   lc_ctype_c.o
         2          0          0          0          0          0   libinit.o
        24          0          0          0          0          0   libinit2.o
         2          0          0          0          0          0   libshutdown.o
         2          0          0          0          0          0   libshutdown2.o
         8          4          0          0         96         68   libspace.o
        64          6          0          0          0         84   noretval__2snprintf.o
        16          4          0          0          0         76   rt_ctype_table.o
         8          4          0          0          0         68   rt_errno_addr_intlibspace.o
         8          4          0          0          0         68   rt_locale_intlibspace.o
        68          0          0          0          0         68   rt_memclr.o
        78          0          0          0          0         80   rt_memclr_w.o
         2          0          0          0          0          0   rtexit.o
        10          0          0          0          0          0   rtexit2.o
       124          0          0          0          0         88   strcmpv7em.o
        86          0          0          0          0         76   strncpy.o
       112          0          0          0          0         88   strtol.o
        12          4          0          0          0         68   sys_exit.o
        74          0          0          0          0         80   sys_stackheap_outer.o
         2          0          0          0          0         68   use_no_semi.o
        26          0          0          0          0        116   fpinit.o

    ----------------------------------------------------------------------
      2106         70        290          0         96       2512   Library Totals
        16          0          1          0          0          0   (incl. Padding)

    ----------------------------------------------------------------------

      Code (inc. data)   RO Data    RW Data    ZI Data      Debug   Library Name

      2064         70        289          0         96       2396   c_w.l
        26          0          0          0          0        116   fz_wm.l

    ----------------------------------------------------------------------
      2106         70        290          0         96       2512   Library Totals

    ----------------------------------------------------------------------

==============================================================================


      Code (inc. data)   RO Data    RW Data    ZI Data      Debug   

      6670       1148        546         12       1176      18115   Grand Totals
      6670       1148        546         12       1176      18115   ELF Image Totals
      6670       1148        546         12          0          0   ROM Totals

==============================================================================

    Total RO  Size (Code + RO Data)                 7216 (   7.05kB)
    Total RW  Size (RW Data + ZI Data)              1188 (   1.16kB)
    Total ROM Size (Code + RO Data + RW Data)       7228 (   7.06kB)

==============================================================================

